******************************************************************************
                  TI ARM Linker Unix v18.1.1                   
******************************************************************************
>> Linked Wed Apr 11 13:59:36 2018

OUTPUT FILE NAME:   <example09-Task-SysTick1.out>
ENTRY POINT SYMBOL: "_c_int00_noargs"  address: 0000120d


MEMORY CONFIGURATION

         name            origin    length      used     unused   attr    fill
----------------------  --------  ---------  --------  --------  ----  --------
  FLASH                 00000000   00040000  000015e2  0003ea1e  R  X
  SRAM                  20000000   00008000  00000241  00007dbf  RW X


SEGMENT ALLOCATION MAP

run origin  load origin   length   init length attrs members
----------  ----------- ---------- ----------- ----- -------
00000000    00000000    000015e4   000015e4    r-x
  00000000    00000000    0000026c   0000026c    r-- .intvecs
  0000026c    0000026c    0000113a   0000113a    r-x .text
  000013a8    000013a8    000001f8   000001f8    r-- .const
  000015a0    000015a0    00000044   00000044    r-- .cinit
20000000    20000000    00000241   00000000    rw-
  20000000    20000000    00000200   00000000    rw- .stack
  20000200    20000200    00000041   00000000    rw- .data


SECTION ALLOCATION MAP

 output                                  attributes/
section   page    origin      length       input sections
--------  ----  ----------  ----------   ----------------
.intvecs   0    00000000    0000026c     
                  00000000    0000026c     tm4c123gh6pm_startup_ccs.obj (.intvecs)

.text      0    0000026c    0000113a     
                  0000026c    0000049c     uartstdio.obj (.text)
                  00000708    00000204     ledGreenStateMachine.obj (.text)
                  0000090c    0000014c     main.obj (.text)
                  00000a58    00000132     driverlib.lib : gpio.obj (.text:GPIOPadConfigSet)
                  00000b8a    00000002     rtsv7M4_T_le_v4SPD16_eabi.lib : div0.asm.obj (.text)
                  00000b8c    00000130     ledRedStateMachine.obj (.text)
                  00000cbc    00000110     driverlib.lib : sysctl.obj (.text:SysCtlClockGet)
                  00000dcc    000000f4                   : sysctl.obj (.text:SysCtlClockSet)
                  00000ec0    0000009c     rtsv7M4_T_le_v4SPD16_eabi.lib : memcpy_t2.asm.obj (.text)
                  00000f5c    0000009c     switches.obj (.text)
                  00000ff8    00000068     rtsv7M4_T_le_v4SPD16_eabi.lib : copy_decompress_lzss.c.obj (.text:decompress:lzss:__TI_decompress_lzss)
                  00001060    00000060     led.obj (.text)
                  000010c0    00000048     driverlib.lib : gpio.obj (.text:GPIOPinConfigure)
                  00001108    00000046                   : uart.obj (.text:UARTConfigSetExpClk)
                  0000114e    00000002     --HOLE-- [fill = 0]
                  00001150    00000044     rtsv7M4_T_le_v4SPD16_eabi.lib : autoinit.c.obj (.text:__TI_auto_init_nobinit_nopinit:__TI_auto_init_nobinit_nopinit)
                  00001194    00000040                                   : u_divt2.asm.obj (.text)
                  000011d4    00000038     driverlib.lib : sysctl.obj (.text:SysCtlPeripheralPresent)
                  0000120c    00000038     rtsv7M4_T_le_v4SPD16_eabi.lib : boot_cortex_m.c.obj (.text:_c_int00_noargs:_c_int00_noargs)
                  00001244    00000034     driverlib.lib : sysctl.obj (.text:SysCtlPeripheralEnable)
                  00001278    0000002a                   : gpio.obj (.text:GPIODirModeSet)
                  000012a2    00000002     --HOLE-- [fill = 0]
                  000012a4    00000020                   : uart.obj (.text:UARTDisable)
                  000012c4    00000018                   : gpio.obj (.text:GPIOPinTypeGPIOOutput)
                  000012dc    00000014                   : systick.obj (.text:SysTickEnable)
                  000012f0    00000014                   : systick.obj (.text:SysTickIntEnable)
                  00001304    00000014                   : uart.obj (.text:UARTEnable)
                  00001318    00000012                   : gpio.obj (.text:GPIOPinTypeUART)
                  0000132a    00000010                   : interrupt.obj (.text:IntMasterEnable)
                  0000133a    00000002     --HOLE-- [fill = 0]
                  0000133c    00000010                   : systick.obj (.text:SysTickPeriodSet)
                  0000134c    0000000e     rtsv7M4_T_le_v4SPD16_eabi.lib : copy_decompress_none.c.obj (.text:decompress:none:__TI_decompress_none)
                  0000135a    0000000c     driverlib.lib : cpu.obj (.text:CPUcpsie)
                  00001366    0000000c     tm4c123gh6pm_startup_ccs.obj (.text)
                  00001372    0000000a     driverlib.lib : uart.obj (.text:UARTCharGet)
                  0000137c    0000000a                   : uart.obj (.text:UARTCharPut)
                  00001386    00000006                   : gpio.obj (.text:GPIOPinRead)
                  0000138c    00000006                   : gpio.obj (.text:GPIOPinWrite)
                  00001392    00000006                   : sysctl.obj (.text:SysCtlDelay)
                  00001398    00000006                   : uart.obj (.text:UARTClockSourceSet)
                  0000139e    00000004     rtsv7M4_T_le_v4SPD16_eabi.lib : pre_init.c.obj (.text:_system_pre_init)
                  000013a2    00000004                                   : exit.c.obj (.text:abort:abort)

.const     0    000013a8    000001f8     
                  000013a8    00000090     driverlib.lib : gpio.obj (.const:g_pui32GPIOBaseAddrs)
                  00001438    0000006c                   : sysctl.obj (.const:g_pui32Xtals)
                  000014a4    00000052     ledGreenStateMachine.obj (.const:.string)
                  000014f6    00000002     --HOLE-- [fill = 0]
                  000014f8    00000038     ledRedStateMachine.obj (.const:.string)
                  00001530    0000001b     ledGreenStateMachine.obj (.const:.string:$P$T0$1)
                  0000154b    00000001     --HOLE-- [fill = 0]
                  0000154c    00000012     uartstdio.obj (.const:.string)
                  0000155e    0000000c     main.obj (.const:.string:$P$T0$1)
                  0000156a    00000002     --HOLE-- [fill = 0]
                  0000156c    0000000c     uartstdio.obj (.const:g_ui32UARTBase)
                  00001578    0000000c     uartstdio.obj (.const:g_ui32UARTPeriph)
                  00001584    0000000c     led.obj (.const:ledPin)
                  00001590    0000000b     ledRedStateMachine.obj (.const:.string:$P$T0$1)
                  0000159b    00000001     --HOLE-- [fill = 0]
                  0000159c    00000004     uartstdio.obj (.const)

.cinit     0    000015a0    00000044     
                  000015a0    00000032     (.cinit..data.load) [load image, compression = lzss]
                  000015d2    00000002     --HOLE-- [fill = 0]
                  000015d4    00000008     (__TI_handler_table)
                  000015dc    00000008     (__TI_cinit_table)

.init_array 
*          0    00000000    00000000     UNINITIALIZED

.data      0    20000200    00000041     UNINITIALIZED
                  20000200    00000018     ledGreenStateMachine.obj (.data:stateName)
                  20000218    00000010     ledRedStateMachine.obj (.data:stateName)
                  20000228    0000000c     ledRedStateMachine.obj (.data)
                  20000234    00000005     ledGreenStateMachine.obj (.data)
                  20000239    00000003     --HOLE--
                  2000023c    00000005     uartstdio.obj (.data)

.stack     0    20000000    00000200     UNINITIALIZED
                  20000000    00000004     rtsv7M4_T_le_v4SPD16_eabi.lib : boot_cortex_m.c.obj (.stack)
                  20000004    000001fc     --HOLE--

MODULE SUMMARY

       Module                         code   ro data   rw data
       ------                         ----   -------   -------
    ./
       uartstdio.obj                  1180   46        5      
       ledGreenStateMachine.obj       516    109       29     
       tm4c123gh6pm_startup_ccs.obj   12     620       0      
       ledRedStateMachine.obj         304    67        28     
       main.obj                       332    12        0      
       switches.obj                   156    0         0      
       led.obj                        96     12        0      
    +--+------------------------------+------+---------+---------+
       Total:                         2596   866       62     
                                                              
    /home/antiaegis/ti/SW-TM4C-2.1.4.178/driverlib/ccs/Debug/driverlib.lib
       sysctl.obj                     630    108       0      
       gpio.obj                       474    144       0      
       uart.obj                       148    0         0      
       systick.obj                    56     0         0      
       interrupt.obj                  16     0         0      
       cpu.obj                        12     0         0      
    +--+------------------------------+------+---------+---------+
       Total:                         1336   252       0      
                                                              
    /home/antiaegis/ti/ccsv8/tools/compiler/ti-cgt-arm_18.1.1.LTS/lib/rtsv7M4_T_le_v4SPD16_eabi.lib
       memcpy_t2.asm.obj              156    0         0      
       copy_decompress_lzss.c.obj     104    0         0      
       autoinit.c.obj                 68     0         0      
       u_divt2.asm.obj                64     0         0      
       boot_cortex_m.c.obj            56     0         0      
       copy_decompress_none.c.obj     14     0         0      
       exit.c.obj                     4      0         0      
       pre_init.c.obj                 4      0         0      
       div0.asm.obj                   2      0         0      
    +--+------------------------------+------+---------+---------+
       Total:                         472    0         0      
                                                              
       Stack:                         0      0         512    
       Linker Generated:              0      66        0      
    +--+------------------------------+------+---------+---------+
       Grand Total:                   4404   1184      574    


LINKER GENERATED COPY TABLES

__TI_cinit_table @ 000015dc records: 1, size/record: 8, table size: 8
	.data: load addr=000015a0, load size=00000032 bytes, run addr=20000200, run size=00000041 bytes, compression=lzss


LINKER GENERATED HANDLER TABLE

__TI_handler_table @ 000015d4 records: 2, size/record: 4, table size: 8
	index: 0, handler: __TI_decompress_lzss
	index: 1, handler: __TI_decompress_none


GLOBAL SYMBOLS: SORTED ALPHABETICALLY BY Name 

address   name                          
-------   ----                          
000013a3  C$$EXIT                       
0000135b  CPUcpsie                      
00001279  GPIODirModeSet                
00000a59  GPIOPadConfigSet              
000010c1  GPIOPinConfigure              
00001387  GPIOPinRead                   
000012c5  GPIOPinTypeGPIOOutput         
00001319  GPIOPinTypeUART               
0000138d  GPIOPinWrite                  
0000090d  InitConsole                   
0000132b  IntMasterEnable               
00001367  ResetISR                      
00000cbd  SysCtlClockGet                
00000dcd  SysCtlClockSet                
00001393  SysCtlDelay                   
00001245  SysCtlPeripheralEnable        
000011d5  SysCtlPeripheralPresent       
000012dd  SysTickEnable                 
000012f1  SysTickIntEnable              
00000993  SysTickIntHandler             
0000133d  SysTickPeriodSet              
00001373  UARTCharGet                   
0000137d  UARTCharPut                   
00001399  UARTClockSourceSet            
00001109  UARTConfigSetExpClk           
000012a5  UARTDisable                   
00001305  UARTEnable                    
0000026d  UARTStdioConfig               
000003b3  UARTgetc                      
000002f9  UARTgets                      
000006d3  UARTprintf                    
000003d9  UARTvprintf                   
000002b3  UARTwrite                     
20000200  __STACK_END                   
00000200  __STACK_SIZE                  
20000200  __STACK_TOP                   
000015dc  __TI_CINIT_Base               
000015e4  __TI_CINIT_Limit              
000015d4  __TI_Handler_Table_Base       
000015dc  __TI_Handler_Table_Limit      
00001151  __TI_auto_init_nobinit_nopinit
00000ff9  __TI_decompress_lzss          
0000134d  __TI_decompress_none          
ffffffff  __TI_pprof_out_hndl           
ffffffff  __TI_prof_data_size           
ffffffff  __TI_prof_data_start          
00000000  __TI_static_base__            
00000b8b  __aeabi_idiv0                 
00000b8b  __aeabi_ldiv0                 
00000ec1  __aeabi_memcpy                
00000ec1  __aeabi_memcpy4               
00000ec1  __aeabi_memcpy8               
00001195  __aeabi_uidiv                 
00001195  __aeabi_uidivmod              
ffffffff  __binit__                     
ffffffff  __c_args__                    
UNDEFED   __mpu_init                    
20000000  __stack                       
0000120d  _c_int00_noargs               
UNDEFED   _system_post_cinit            
0000139f  _system_pre_init              
000013a3  abort                         
ffffffff  binit                         
00000000  g_pfnVectors                  
00001073  ledControl                    
20000234  ledGTimer                     
00000709  ledGreenStateMachineUpdate    
00001061  ledInit                       
00001584  ledPin                        
00000b8d  ledRedTask                    
000009bf  main                          
00000ec1  memcpy                        
00000949  setupSystem                   
00000f5d  switchInit                    
00000fa5  switchState                   
20000230  taskredledFlag                
2000022c  taskredledcounter             


GLOBAL SYMBOLS: SORTED BY Symbol Address 

address   name                          
-------   ----                          
00000000  __TI_static_base__            
00000000  g_pfnVectors                  
00000200  __STACK_SIZE                  
0000026d  UARTStdioConfig               
000002b3  UARTwrite                     
000002f9  UARTgets                      
000003b3  UARTgetc                      
000003d9  UARTvprintf                   
000006d3  UARTprintf                    
00000709  ledGreenStateMachineUpdate    
0000090d  InitConsole                   
00000949  setupSystem                   
00000993  SysTickIntHandler             
000009bf  main                          
00000a59  GPIOPadConfigSet              
00000b8b  __aeabi_idiv0                 
00000b8b  __aeabi_ldiv0                 
00000b8d  ledRedTask                    
00000cbd  SysCtlClockGet                
00000dcd  SysCtlClockSet                
00000ec1  __aeabi_memcpy                
00000ec1  __aeabi_memcpy4               
00000ec1  __aeabi_memcpy8               
00000ec1  memcpy                        
00000f5d  switchInit                    
00000fa5  switchState                   
00000ff9  __TI_decompress_lzss          
00001061  ledInit                       
00001073  ledControl                    
000010c1  GPIOPinConfigure              
00001109  UARTConfigSetExpClk           
00001151  __TI_auto_init_nobinit_nopinit
00001195  __aeabi_uidiv                 
00001195  __aeabi_uidivmod              
000011d5  SysCtlPeripheralPresent       
0000120d  _c_int00_noargs               
00001245  SysCtlPeripheralEnable        
00001279  GPIODirModeSet                
000012a5  UARTDisable                   
000012c5  GPIOPinTypeGPIOOutput         
000012dd  SysTickEnable                 
000012f1  SysTickIntEnable              
00001305  UARTEnable                    
00001319  GPIOPinTypeUART               
0000132b  IntMasterEnable               
0000133d  SysTickPeriodSet              
0000134d  __TI_decompress_none          
0000135b  CPUcpsie                      
00001367  ResetISR                      
00001373  UARTCharGet                   
0000137d  UARTCharPut                   
00001387  GPIOPinRead                   
0000138d  GPIOPinWrite                  
00001393  SysCtlDelay                   
00001399  UARTClockSourceSet            
0000139f  _system_pre_init              
000013a3  C$$EXIT                       
000013a3  abort                         
00001584  ledPin                        
000015d4  __TI_Handler_Table_Base       
000015dc  __TI_CINIT_Base               
000015dc  __TI_Handler_Table_Limit      
000015e4  __TI_CINIT_Limit              
20000000  __stack                       
20000200  __STACK_END                   
20000200  __STACK_TOP                   
2000022c  taskredledcounter             
20000230  taskredledFlag                
20000234  ledGTimer                     
ffffffff  __TI_pprof_out_hndl           
ffffffff  __TI_prof_data_size           
ffffffff  __TI_prof_data_start          
ffffffff  __binit__                     
ffffffff  __c_args__                    
ffffffff  binit                         
UNDEFED   __mpu_init                    
UNDEFED   _system_post_cinit            

[77 symbols]
