******************************************************************************
                  TI ARM Linker Unix v18.1.1                   
******************************************************************************
>> Linked Thu Apr 12 13:36:15 2018

OUTPUT FILE NAME:   <example10-TaskSysTick2.out>
ENTRY POINT SYMBOL: "_c_int00_noargs"  address: 00001255


MEMORY CONFIGURATION

         name            origin    length      used     unused   attr    fill
----------------------  --------  ---------  --------  --------  ----  --------
  FLASH                 00000000   00040000  00001646  0003e9ba  R  X
  SRAM                  20000000   00008000  00000249  00007db7  RW X


SEGMENT ALLOCATION MAP

run origin  load origin   length   init length attrs members
----------  ----------- ---------- ----------- ----- -------
00000000    00000000    00001648   00001648    r-x
  00000000    00000000    0000026c   0000026c    r-- .intvecs
  0000026c    0000026c    00001192   00001192    r-x .text
  00001400    00001400    000001e8   000001e8    r-- .const
  000015e8    000015e8    00000060   00000060    r-- .cinit
20000000    20000000    0000024c   00000000    rw-
  20000000    20000000    00000200   00000000    rw- .stack
  20000200    20000200    00000045   00000000    rw- .data
  20000248    20000248    00000004   00000000    rw- .bss


SECTION ALLOCATION MAP

 output                                  attributes/
section   page    origin      length       input sections
--------  ----  ----------  ----------   ----------------
.intvecs   0    00000000    0000026c     
                  00000000    0000026c     tm4c123gh6pm_startup_ccs.obj (.intvecs)

.text      0    0000026c    00001192     
                  0000026c    0000049c     uartstdio.obj (.text)
                  00000708    00000204     ledGreenStateMachine.obj (.text)
                  0000090c    00000180     main.obj (.text)
                  00000a8c    00000144     ledRedStateMachine.obj (.text)
                  00000bd0    00000132     driverlib.lib : gpio.obj (.text:GPIOPadConfigSet)
                  00000d02    00000002     rtsv7M4_T_le_v4SPD16_eabi.lib : div0.asm.obj (.text)
                  00000d04    00000110     driverlib.lib : sysctl.obj (.text:SysCtlClockGet)
                  00000e14    000000f4                   : sysctl.obj (.text:SysCtlClockSet)
                  00000f08    0000009c     rtsv7M4_T_le_v4SPD16_eabi.lib : memcpy_t2.asm.obj (.text)
                  00000fa4    0000009c     switches.obj (.text)
                  00001040    00000068     rtsv7M4_T_le_v4SPD16_eabi.lib : copy_decompress_lzss.c.obj (.text:decompress:lzss:__TI_decompress_lzss)
                  000010a8    00000060     led.obj (.text)
                  00001108    00000048     driverlib.lib : gpio.obj (.text:GPIOPinConfigure)
                  00001150    00000046                   : uart.obj (.text:UARTConfigSetExpClk)
                  00001196    00000002     --HOLE-- [fill = 0]
                  00001198    00000044     rtsv7M4_T_le_v4SPD16_eabi.lib : autoinit.c.obj (.text:__TI_auto_init_nobinit_nopinit:__TI_auto_init_nobinit_nopinit)
                  000011dc    00000040                                   : u_divt2.asm.obj (.text)
                  0000121c    00000038     driverlib.lib : sysctl.obj (.text:SysCtlPeripheralPresent)
                  00001254    00000038     rtsv7M4_T_le_v4SPD16_eabi.lib : boot_cortex_m.c.obj (.text:_c_int00_noargs:_c_int00_noargs)
                  0000128c    00000034     driverlib.lib : sysctl.obj (.text:SysCtlPeripheralEnable)
                  000012c0    0000002a                   : gpio.obj (.text:GPIODirModeSet)
                  000012ea    00000002     --HOLE-- [fill = 0]
                  000012ec    00000020                   : uart.obj (.text:UARTDisable)
                  0000130c    00000018                   : gpio.obj (.text:GPIOPinTypeGPIOOutput)
                  00001324    00000014                   : systick.obj (.text:SysTickEnable)
                  00001338    00000014                   : systick.obj (.text:SysTickIntEnable)
                  0000134c    00000014                   : uart.obj (.text:UARTEnable)
                  00001360    00000012                   : gpio.obj (.text:GPIOPinTypeUART)
                  00001372    00000012     rtsv7M4_T_le_v4SPD16_eabi.lib : copy_zero_init.c.obj (.text:decompress:ZI:__TI_zero_init_nomemset:__TI_zero_init_nomemset)
                  00001384    00000010     driverlib.lib : interrupt.obj (.text:IntMasterEnable)
                  00001394    00000010                   : systick.obj (.text:SysTickPeriodSet)
                  000013a4    0000000e     rtsv7M4_T_le_v4SPD16_eabi.lib : copy_decompress_none.c.obj (.text:decompress:none:__TI_decompress_none)
                  000013b2    0000000c     driverlib.lib : cpu.obj (.text:CPUcpsie)
                  000013be    0000000c     tm4c123gh6pm_startup_ccs.obj (.text)
                  000013ca    0000000a     driverlib.lib : uart.obj (.text:UARTCharGet)
                  000013d4    0000000a                   : uart.obj (.text:UARTCharPut)
                  000013de    00000006                   : gpio.obj (.text:GPIOPinRead)
                  000013e4    00000006                   : gpio.obj (.text:GPIOPinWrite)
                  000013ea    00000006                   : sysctl.obj (.text:SysCtlDelay)
                  000013f0    00000006                   : uart.obj (.text:UARTClockSourceSet)
                  000013f6    00000004     rtsv7M4_T_le_v4SPD16_eabi.lib : pre_init.c.obj (.text:_system_pre_init)
                  000013fa    00000004                                   : exit.c.obj (.text:abort:abort)

.const     0    00001400    000001e8     
                  00001400    00000090     driverlib.lib : gpio.obj (.const:g_pui32GPIOBaseAddrs)
                  00001490    0000006c                   : sysctl.obj (.const:g_pui32Xtals)
                  000014fc    00000052     ledGreenStateMachine.obj (.const:.string)
                  0000154e    00000002     --HOLE-- [fill = 0]
                  00001550    00000038     ledRedStateMachine.obj (.const:.string)
                  00001588    00000012     uartstdio.obj (.const:.string)
                  0000159a    0000000d     ledGreenStateMachine.obj (.const:.string:$P$T0$1)
                  000015a7    0000000c     main.obj (.const:.string:$P$T0$1)
                  000015b3    00000001     --HOLE-- [fill = 0]
                  000015b4    0000000c     uartstdio.obj (.const:g_ui32UARTBase)
                  000015c0    0000000c     uartstdio.obj (.const:g_ui32UARTPeriph)
                  000015cc    0000000c     led.obj (.const:ledPin)
                  000015d8    0000000b     ledRedStateMachine.obj (.const:.string:$P$T0$1)
                  000015e3    00000001     --HOLE-- [fill = 0]
                  000015e4    00000004     uartstdio.obj (.const)

.cinit     0    000015e8    00000060     
                  000015e8    00000035     (.cinit..data.load) [load image, compression = lzss]
                  0000161d    00000003     --HOLE-- [fill = 0]
                  00001620    0000000c     (__TI_handler_table)
                  0000162c    00000004     --HOLE-- [fill = 0]
                  00001630    00000008     (.cinit..bss.load) [load image, compression = zero_init]
                  00001638    00000010     (__TI_cinit_table)

.init_array 
*          0    00000000    00000000     UNINITIALIZED

.data      0    20000200    00000045     UNINITIALIZED
                  20000200    00000018     ledGreenStateMachine.obj (.data:stateName)
                  20000218    00000010     ledRedStateMachine.obj (.data:stateName)
                  20000228    0000000c     ledRedStateMachine.obj (.data)
                  20000234    00000009     ledGreenStateMachine.obj (.data)
                  2000023d    00000003     --HOLE--
                  20000240    00000005     uartstdio.obj (.data)

.bss       0    20000248    00000004     UNINITIALIZED
                  20000248    00000004     (.common:taskgreenledFlag)

.stack     0    20000000    00000200     UNINITIALIZED
                  20000000    00000004     rtsv7M4_T_le_v4SPD16_eabi.lib : boot_cortex_m.c.obj (.stack)
                  20000004    000001fc     --HOLE--

MODULE SUMMARY

       Module                         code   ro data   rw data
       ------                         ----   -------   -------
    ./
       uartstdio.obj                  1180   46        5      
       ledGreenStateMachine.obj       516    95        37     
       tm4c123gh6pm_startup_ccs.obj   12     620       0      
       ledRedStateMachine.obj         324    67        28     
       main.obj                       384    12        0      
       switches.obj                   156    0         0      
       led.obj                        96     12        0      
    +--+------------------------------+------+---------+---------+
       Total:                         2668   852       70     
                                                              
    /home/antiaegis/ti/SW-TM4C-2.1.4.178/driverlib/ccs/Debug/driverlib.lib
       sysctl.obj                     630    108       0      
       gpio.obj                       474    144       0      
       uart.obj                       148    0         0      
       systick.obj                    56     0         0      
       interrupt.obj                  16     0         0      
       cpu.obj                        12     0         0      
    +--+------------------------------+------+---------+---------+
       Total:                         1336   252       0      
                                                              
    /home/antiaegis/ti/ccsv8/tools/compiler/ti-cgt-arm_18.1.1.LTS/lib/rtsv7M4_T_le_v4SPD16_eabi.lib
       memcpy_t2.asm.obj              156    0         0      
       copy_decompress_lzss.c.obj     104    0         0      
       autoinit.c.obj                 68     0         0      
       u_divt2.asm.obj                64     0         0      
       boot_cortex_m.c.obj            56     0         0      
       copy_zero_init.c.obj           18     0         0      
       copy_decompress_none.c.obj     14     0         0      
       exit.c.obj                     4      0         0      
       pre_init.c.obj                 4      0         0      
       div0.asm.obj                   2      0         0      
    +--+------------------------------+------+---------+---------+
       Total:                         490    0         0      
                                                              
       Stack:                         0      0         512    
       Linker Generated:              0      89        0      
    +--+------------------------------+------+---------+---------+
       Grand Total:                   4494   1193      582    


LINKER GENERATED COPY TABLES

__TI_cinit_table @ 00001638 records: 2, size/record: 8, table size: 16
	.data: load addr=000015e8, load size=00000035 bytes, run addr=20000200, run size=00000045 bytes, compression=lzss
	.bss: load addr=00001630, load size=00000008 bytes, run addr=20000248, run size=00000004 bytes, compression=zero_init


LINKER GENERATED HANDLER TABLE

__TI_handler_table @ 00001620 records: 3, size/record: 4, table size: 12
	index: 0, handler: __TI_decompress_lzss
	index: 1, handler: __TI_decompress_none
	index: 2, handler: __TI_zero_init


GLOBAL SYMBOLS: SORTED ALPHABETICALLY BY Name 

address   name                          
-------   ----                          
000013fb  C$$EXIT                       
000013b3  CPUcpsie                      
000012c1  GPIODirModeSet                
00000bd1  GPIOPadConfigSet              
00001109  GPIOPinConfigure              
000013df  GPIOPinRead                   
0000130d  GPIOPinTypeGPIOOutput         
00001361  GPIOPinTypeUART               
000013e5  GPIOPinWrite                  
0000090d  InitConsole                   
00001385  IntMasterEnable               
000013bf  ResetISR                      
00000d05  SysCtlClockGet                
00000e15  SysCtlClockSet                
000013eb  SysCtlDelay                   
0000128d  SysCtlPeripheralEnable        
0000121d  SysCtlPeripheralPresent       
00001325  SysTickEnable                 
00001339  SysTickIntEnable              
00000993  SysTickIntHandler             
00001395  SysTickPeriodSet              
000013cb  UARTCharGet                   
000013d5  UARTCharPut                   
000013f1  UARTClockSourceSet            
00001151  UARTConfigSetExpClk           
000012ed  UARTDisable                   
0000134d  UARTEnable                    
0000026d  UARTStdioConfig               
000003b3  UARTgetc                      
000002f9  UARTgets                      
000006d3  UARTprintf                    
000003d9  UARTvprintf                   
000002b3  UARTwrite                     
20000200  __STACK_END                   
00000200  __STACK_SIZE                  
20000200  __STACK_TOP                   
00001638  __TI_CINIT_Base               
00001648  __TI_CINIT_Limit              
00001620  __TI_Handler_Table_Base       
0000162c  __TI_Handler_Table_Limit      
00001199  __TI_auto_init_nobinit_nopinit
00001041  __TI_decompress_lzss          
000013a5  __TI_decompress_none          
ffffffff  __TI_pprof_out_hndl           
ffffffff  __TI_prof_data_size           
ffffffff  __TI_prof_data_start          
00000000  __TI_static_base__            
00001373  __TI_zero_init_nomemset       
00000d03  __aeabi_idiv0                 
00000d03  __aeabi_ldiv0                 
00000f09  __aeabi_memcpy                
00000f09  __aeabi_memcpy4               
00000f09  __aeabi_memcpy8               
000011dd  __aeabi_uidiv                 
000011dd  __aeabi_uidivmod              
ffffffff  __binit__                     
ffffffff  __c_args__                    
UNDEFED   __mpu_init                    
20000000  __stack                       
00001255  _c_int00_noargs               
UNDEFED   _system_post_cinit            
000013f7  _system_pre_init              
000013fb  abort                         
ffffffff  binit                         
00000000  g_pfnVectors                  
000010bb  ledControl                    
20000234  ledGTimer                     
00000709  ledGreenTask                  
000010a9  ledInit                       
000015cc  ledPin                        
00000a8d  ledRedTask                    
000009db  main                          
00000f09  memcpy                        
00000949  setupSystem                   
00000fa5  switchInit                    
00000fed  switchState                   
20000248  taskgreenledFlag              
20000238  taskgreenledcounter           
20000230  taskredledFlag                
2000022c  taskredledcounter             


GLOBAL SYMBOLS: SORTED BY Symbol Address 

address   name                          
-------   ----                          
00000000  __TI_static_base__            
00000000  g_pfnVectors                  
00000200  __STACK_SIZE                  
0000026d  UARTStdioConfig               
000002b3  UARTwrite                     
000002f9  UARTgets                      
000003b3  UARTgetc                      
000003d9  UARTvprintf                   
000006d3  UARTprintf                    
00000709  ledGreenTask                  
0000090d  InitConsole                   
00000949  setupSystem                   
00000993  SysTickIntHandler             
000009db  main                          
00000a8d  ledRedTask                    
00000bd1  GPIOPadConfigSet              
00000d03  __aeabi_idiv0                 
00000d03  __aeabi_ldiv0                 
00000d05  SysCtlClockGet                
00000e15  SysCtlClockSet                
00000f09  __aeabi_memcpy                
00000f09  __aeabi_memcpy4               
00000f09  __aeabi_memcpy8               
00000f09  memcpy                        
00000fa5  switchInit                    
00000fed  switchState                   
00001041  __TI_decompress_lzss          
000010a9  ledInit                       
000010bb  ledControl                    
00001109  GPIOPinConfigure              
00001151  UARTConfigSetExpClk           
00001199  __TI_auto_init_nobinit_nopinit
000011dd  __aeabi_uidiv                 
000011dd  __aeabi_uidivmod              
0000121d  SysCtlPeripheralPresent       
00001255  _c_int00_noargs               
0000128d  SysCtlPeripheralEnable        
000012c1  GPIODirModeSet                
000012ed  UARTDisable                   
0000130d  GPIOPinTypeGPIOOutput         
00001325  SysTickEnable                 
00001339  SysTickIntEnable              
0000134d  UARTEnable                    
00001361  GPIOPinTypeUART               
00001373  __TI_zero_init_nomemset       
00001385  IntMasterEnable               
00001395  SysTickPeriodSet              
000013a5  __TI_decompress_none          
000013b3  CPUcpsie                      
000013bf  ResetISR                      
000013cb  UARTCharGet                   
000013d5  UARTCharPut                   
000013df  GPIOPinRead                   
000013e5  GPIOPinWrite                  
000013eb  SysCtlDelay                   
000013f1  UARTClockSourceSet            
000013f7  _system_pre_init              
000013fb  C$$EXIT                       
000013fb  abort                         
000015cc  ledPin                        
00001620  __TI_Handler_Table_Base       
0000162c  __TI_Handler_Table_Limit      
00001638  __TI_CINIT_Base               
00001648  __TI_CINIT_Limit              
20000000  __stack                       
20000200  __STACK_END                   
20000200  __STACK_TOP                   
2000022c  taskredledcounter             
20000230  taskredledFlag                
20000234  ledGTimer                     
20000238  taskgreenledcounter           
20000248  taskgreenledFlag              
ffffffff  __TI_pprof_out_hndl           
ffffffff  __TI_prof_data_size           
ffffffff  __TI_prof_data_start          
ffffffff  __binit__                     
ffffffff  __c_args__                    
ffffffff  binit                         
UNDEFED   __mpu_init                    
UNDEFED   _system_post_cinit            

[80 symbols]
