******************************************************************************
                  TI ARM Linker Unix v18.1.1                   
******************************************************************************
>> Linked Sat Apr  7 08:07:40 2018

OUTPUT FILE NAME:   <Labexample10_TaskwithSystick2.out>
ENTRY POINT SYMBOL: "_c_int00_noargs"  address: 00000e85


MEMORY CONFIGURATION

         name            origin    length      used     unused   attr    fill
----------------------  --------  ---------  --------  --------  ----  --------
  FLASH                 00000000   00040000  00001176  0003ee8a  R  X
  SRAM                  20000000   00008000  00000205  00007dfb  RW X


SEGMENT ALLOCATION MAP

run origin  load origin   length   init length attrs members
----------  ----------- ---------- ----------- ----- -------
00000000    00000000    00001178   00001178    r-x
  00000000    00000000    0000026c   0000026c    r-- .intvecs
  0000026c    0000026c    00000db2   00000db2    r-x .text
  00001020    00001020    00000140   00000140    r-- .const
  00001160    00001160    00000018   00000018    r-- .cinit
20000000    20000000    00000205   00000000    rw-
  20000000    20000000    00000200   00000000    rw- .stack
  20000200    20000200    00000005   00000000    rw- .data


SECTION ALLOCATION MAP

 output                                  attributes/
section   page    origin      length       input sections
--------  ----  ----------  ----------   ----------------
.intvecs   0    00000000    0000026c     
                  00000000    0000026c     tm4c123gh6pm_startup_ccs.obj (.intvecs)

.text      0    0000026c    00000db2     
                  0000026c    0000049c     uartstdio.obj (.text)
                  00000708    00000132     driverlib.lib : gpio.obj (.text:GPIOPadConfigSet)
                  0000083a    00000002     rtsv7M4_T_le_v4SPD16_eabi.lib : div0.asm.obj (.text)
                  0000083c    00000110     driverlib.lib : sysctl.obj (.text:SysCtlClockGet)
                  0000094c    000000f8     main.obj (.text)
                  00000a44    000000f4     driverlib.lib : sysctl.obj (.text:SysCtlClockSet)
                  00000b38    0000009c     rtsv7M4_T_le_v4SPD16_eabi.lib : memcpy_t2.asm.obj (.text)
                  00000bd4    0000009c     switches.obj (.text)
                  00000c70    00000068     rtsv7M4_T_le_v4SPD16_eabi.lib : copy_decompress_lzss.c.obj (.text:decompress:lzss:__TI_decompress_lzss)
                  00000cd8    00000060     led.obj (.text)
                  00000d38    00000048     driverlib.lib : gpio.obj (.text:GPIOPinConfigure)
                  00000d80    00000046                   : uart.obj (.text:UARTConfigSetExpClk)
                  00000dc6    00000002     --HOLE-- [fill = 0]
                  00000dc8    00000044     rtsv7M4_T_le_v4SPD16_eabi.lib : autoinit.c.obj (.text:__TI_auto_init_nobinit_nopinit:__TI_auto_init_nobinit_nopinit)
                  00000e0c    00000040                                   : u_divt2.asm.obj (.text)
                  00000e4c    00000038     driverlib.lib : sysctl.obj (.text:SysCtlPeripheralPresent)
                  00000e84    00000038     rtsv7M4_T_le_v4SPD16_eabi.lib : boot_cortex_m.c.obj (.text:_c_int00_noargs:_c_int00_noargs)
                  00000ebc    00000034     driverlib.lib : sysctl.obj (.text:SysCtlPeripheralEnable)
                  00000ef0    0000002a                   : gpio.obj (.text:GPIODirModeSet)
                  00000f1a    00000002     --HOLE-- [fill = 0]
                  00000f1c    00000020                   : uart.obj (.text:UARTDisable)
                  00000f3c    00000018                   : gpio.obj (.text:GPIOPinTypeGPIOOutput)
                  00000f54    00000014                   : systick.obj (.text:SysTickEnable)
                  00000f68    00000014                   : systick.obj (.text:SysTickIntEnable)
                  00000f7c    00000014                   : uart.obj (.text:UARTEnable)
                  00000f90    00000012                   : gpio.obj (.text:GPIOPinTypeUART)
                  00000fa2    00000010                   : interrupt.obj (.text:IntMasterEnable)
                  00000fb2    00000002     --HOLE-- [fill = 0]
                  00000fb4    00000010                   : systick.obj (.text:SysTickPeriodSet)
                  00000fc4    0000000e     rtsv7M4_T_le_v4SPD16_eabi.lib : copy_decompress_none.c.obj (.text:decompress:none:__TI_decompress_none)
                  00000fd2    0000000c     driverlib.lib : cpu.obj (.text:CPUcpsie)
                  00000fde    0000000c     tm4c123gh6pm_startup_ccs.obj (.text)
                  00000fea    0000000a     driverlib.lib : uart.obj (.text:UARTCharGet)
                  00000ff4    0000000a                   : uart.obj (.text:UARTCharPut)
                  00000ffe    00000006                   : gpio.obj (.text:GPIOPinRead)
                  00001004    00000006                   : gpio.obj (.text:GPIOPinWrite)
                  0000100a    00000006                   : sysctl.obj (.text:SysCtlDelay)
                  00001010    00000006                   : uart.obj (.text:UARTClockSourceSet)
                  00001016    00000004     rtsv7M4_T_le_v4SPD16_eabi.lib : pre_init.c.obj (.text:_system_pre_init)
                  0000101a    00000004                                   : exit.c.obj (.text:abort:abort)

.const     0    00001020    00000140     
                  00001020    00000090     driverlib.lib : gpio.obj (.const:g_pui32GPIOBaseAddrs)
                  000010b0    0000006c                   : sysctl.obj (.const:g_pui32Xtals)
                  0000111c    00000012     uartstdio.obj (.const:.string)
                  0000112e    00000002     --HOLE-- [fill = 0]
                  00001130    0000000c     uartstdio.obj (.const:g_ui32UARTBase)
                  0000113c    0000000c     uartstdio.obj (.const:g_ui32UARTPeriph)
                  00001148    0000000c     led.obj (.const:ledPin)
                  00001154    00000005     main.obj (.const:.string:$P$T0$1)
                  00001159    00000003     --HOLE-- [fill = 0]
                  0000115c    00000004     uartstdio.obj (.const)

.cinit     0    00001160    00000018     
                  00001160    00000008     (__TI_handler_table)
                  00001168    00000007     (.cinit..data.load) [load image, compression = lzss]
                  0000116f    00000001     --HOLE-- [fill = 0]
                  00001170    00000008     (__TI_cinit_table)

.init_array 
*          0    00000000    00000000     UNINITIALIZED

.data      0    20000200    00000005     UNINITIALIZED
                  20000200    00000005     uartstdio.obj (.data)

.stack     0    20000000    00000200     UNINITIALIZED
                  20000000    00000004     rtsv7M4_T_le_v4SPD16_eabi.lib : boot_cortex_m.c.obj (.stack)
                  20000004    000001fc     --HOLE--

MODULE SUMMARY

       Module                         code   ro data   rw data
       ------                         ----   -------   -------
    ./
       uartstdio.obj                  1180   46        5      
       tm4c123gh6pm_startup_ccs.obj   12     620       0      
       main.obj                       248    5         0      
       switches.obj                   156    0         0      
       led.obj                        96     12        0      
    +--+------------------------------+------+---------+---------+
       Total:                         1692   683       5      
                                                              
    /home/antiaegis/ti/SW-TM4C-2.1.4.178/driverlib/ccs/Debug/driverlib.lib
       sysctl.obj                     630    108       0      
       gpio.obj                       474    144       0      
       uart.obj                       148    0         0      
       systick.obj                    56     0         0      
       interrupt.obj                  16     0         0      
       cpu.obj                        12     0         0      
    +--+------------------------------+------+---------+---------+
       Total:                         1336   252       0      
                                                              
    /home/antiaegis/ti/ccsv8/tools/compiler/ti-cgt-arm_18.1.1.LTS/lib/rtsv7M4_T_le_v4SPD16_eabi.lib
       memcpy_t2.asm.obj              156    0         0      
       copy_decompress_lzss.c.obj     104    0         0      
       autoinit.c.obj                 68     0         0      
       u_divt2.asm.obj                64     0         0      
       boot_cortex_m.c.obj            56     0         0      
       copy_decompress_none.c.obj     14     0         0      
       exit.c.obj                     4      0         0      
       pre_init.c.obj                 4      0         0      
       div0.asm.obj                   2      0         0      
    +--+------------------------------+------+---------+---------+
       Total:                         472    0         0      
                                                              
       Stack:                         0      0         512    
       Linker Generated:              0      23        0      
    +--+------------------------------+------+---------+---------+
       Grand Total:                   3500   958       517    


LINKER GENERATED COPY TABLES

__TI_cinit_table @ 00001170 records: 1, size/record: 8, table size: 8
	.data: load addr=00001168, load size=00000007 bytes, run addr=20000200, run size=00000005 bytes, compression=lzss


LINKER GENERATED HANDLER TABLE

__TI_handler_table @ 00001160 records: 2, size/record: 4, table size: 8
	index: 0, handler: __TI_decompress_lzss
	index: 1, handler: __TI_decompress_none


GLOBAL SYMBOLS: SORTED ALPHABETICALLY BY Name 

address   name                          
-------   ----                          
0000101b  C$$EXIT                       
00000fd3  CPUcpsie                      
00000ef1  GPIODirModeSet                
00000709  GPIOPadConfigSet              
00000d39  GPIOPinConfigure              
00000fff  GPIOPinRead                   
00000f3d  GPIOPinTypeGPIOOutput         
00000f91  GPIOPinTypeUART               
00001005  GPIOPinWrite                  
0000094d  InitConsole                   
00000fa3  IntMasterEnable               
00000fdf  ResetISR                      
0000083d  SysCtlClockGet                
00000a45  SysCtlClockSet                
0000100b  SysCtlDelay                   
00000ebd  SysCtlPeripheralEnable        
00000e4d  SysCtlPeripheralPresent       
00000f55  SysTickEnable                 
00000f69  SysTickIntEnable              
00000989  SysTickIntHandler             
00000fb5  SysTickPeriodSet              
00000feb  UARTCharGet                   
00000ff5  UARTCharPut                   
00001011  UARTClockSourceSet            
00000d81  UARTConfigSetExpClk           
00000f1d  UARTDisable                   
00000f7d  UARTEnable                    
0000026d  UARTStdioConfig               
000003b3  UARTgetc                      
000002f9  UARTgets                      
000006d3  UARTprintf                    
000003d9  UARTvprintf                   
000002b3  UARTwrite                     
20000200  __STACK_END                   
00000200  __STACK_SIZE                  
20000200  __STACK_TOP                   
00001170  __TI_CINIT_Base               
00001178  __TI_CINIT_Limit              
00001160  __TI_Handler_Table_Base       
00001168  __TI_Handler_Table_Limit      
00000dc9  __TI_auto_init_nobinit_nopinit
00000c71  __TI_decompress_lzss          
00000fc5  __TI_decompress_none          
ffffffff  __TI_pprof_out_hndl           
ffffffff  __TI_prof_data_size           
ffffffff  __TI_prof_data_start          
00000000  __TI_static_base__            
0000083b  __aeabi_idiv0                 
0000083b  __aeabi_ldiv0                 
00000b39  __aeabi_memcpy                
00000b39  __aeabi_memcpy4               
00000b39  __aeabi_memcpy8               
00000e0d  __aeabi_uidiv                 
00000e0d  __aeabi_uidivmod              
ffffffff  __binit__                     
ffffffff  __c_args__                    
UNDEFED   __mpu_init                    
20000000  __stack                       
00000e85  _c_int00_noargs               
UNDEFED   _system_post_cinit            
00001017  _system_pre_init              
0000101b  abort                         
ffffffff  binit                         
00000000  g_pfnVectors                  
00000ceb  ledControl                    
00000cd9  ledInit                       
00001148  ledPin                        
0000098b  main                          
00000b39  memcpy                        
00000bd5  switchInit                    
00000c1d  switchState                   


GLOBAL SYMBOLS: SORTED BY Symbol Address 

address   name                          
-------   ----                          
00000000  __TI_static_base__            
00000000  g_pfnVectors                  
00000200  __STACK_SIZE                  
0000026d  UARTStdioConfig               
000002b3  UARTwrite                     
000002f9  UARTgets                      
000003b3  UARTgetc                      
000003d9  UARTvprintf                   
000006d3  UARTprintf                    
00000709  GPIOPadConfigSet              
0000083b  __aeabi_idiv0                 
0000083b  __aeabi_ldiv0                 
0000083d  SysCtlClockGet                
0000094d  InitConsole                   
00000989  SysTickIntHandler             
0000098b  main                          
00000a45  SysCtlClockSet                
00000b39  __aeabi_memcpy                
00000b39  __aeabi_memcpy4               
00000b39  __aeabi_memcpy8               
00000b39  memcpy                        
00000bd5  switchInit                    
00000c1d  switchState                   
00000c71  __TI_decompress_lzss          
00000cd9  ledInit                       
00000ceb  ledControl                    
00000d39  GPIOPinConfigure              
00000d81  UARTConfigSetExpClk           
00000dc9  __TI_auto_init_nobinit_nopinit
00000e0d  __aeabi_uidiv                 
00000e0d  __aeabi_uidivmod              
00000e4d  SysCtlPeripheralPresent       
00000e85  _c_int00_noargs               
00000ebd  SysCtlPeripheralEnable        
00000ef1  GPIODirModeSet                
00000f1d  UARTDisable                   
00000f3d  GPIOPinTypeGPIOOutput         
00000f55  SysTickEnable                 
00000f69  SysTickIntEnable              
00000f7d  UARTEnable                    
00000f91  GPIOPinTypeUART               
00000fa3  IntMasterEnable               
00000fb5  SysTickPeriodSet              
00000fc5  __TI_decompress_none          
00000fd3  CPUcpsie                      
00000fdf  ResetISR                      
00000feb  UARTCharGet                   
00000ff5  UARTCharPut                   
00000fff  GPIOPinRead                   
00001005  GPIOPinWrite                  
0000100b  SysCtlDelay                   
00001011  UARTClockSourceSet            
00001017  _system_pre_init              
0000101b  C$$EXIT                       
0000101b  abort                         
00001148  ledPin                        
00001160  __TI_Handler_Table_Base       
00001168  __TI_Handler_Table_Limit      
00001170  __TI_CINIT_Base               
00001178  __TI_CINIT_Limit              
20000000  __stack                       
20000200  __STACK_END                   
20000200  __STACK_TOP                   
ffffffff  __TI_pprof_out_hndl           
ffffffff  __TI_prof_data_size           
ffffffff  __TI_prof_data_start          
ffffffff  __binit__                     
ffffffff  __c_args__                    
ffffffff  binit                         
UNDEFED   __mpu_init                    
UNDEFED   _system_post_cinit            

[71 symbols]
