******************************************************************************
                  TI ARM Linker PC v17.9.0                     
******************************************************************************
>> Linked Fri Mar  2 11:36:06 2018

OUTPUT FILE NAME:   <example5_systick.out>
ENTRY POINT SYMBOL: "_c_int00_noargs"  address: 00000d8d


MEMORY CONFIGURATION

         name            origin    length      used     unused   attr    fill
----------------------  --------  ---------  --------  --------  ----  --------
  FLASH                 00000000   00040000  00001046  0003efba  R  X
  SRAM                  20000000   00008000  0000020c  00007df4  RW X


SEGMENT ALLOCATION MAP

run origin  load origin   length   init length attrs members
----------  ----------- ---------- ----------- ----- -------
00000000    00000000    00001048   00001048    r-x
  00000000    00000000    0000026c   0000026c    r-- .intvecs
  0000026c    0000026c    00000c96   00000c96    r-x .text
  00000f04    00000f04    0000012c   0000012c    r-- .const
  00001030    00001030    00000018   00000018    r-- .cinit
20000000    20000000    0000020c   00000000    rw-
  20000000    20000000    00000200   00000000    rw- .stack
  20000200    20000200    0000000c   00000000    rw- .data


SECTION ALLOCATION MAP

 output                                  attributes/
section   page    origin      length       input sections
--------  ----  ----------  ----------   ----------------
.intvecs   0    00000000    0000026c     
                  00000000    0000026c     tm4c123gh6pm_startup_ccs.obj (.intvecs)

.text      0    0000026c    00000c96     
                  0000026c    0000049c     uartstdio.obj (.text)
                  00000708    00000132     driverlib.lib : gpio.obj (.text:GPIOPadConfigSet)
                  0000083a    00000002     rtsv7M4_T_le_v4SPD16_eabi.lib : i_div0.obj (.text)
                  0000083c    00000110     driverlib.lib : sysctl.obj (.text:SysCtlClockGet)
                  0000094c    000000fc     main.obj (.text)
                  00000a48    000000f4     driverlib.lib : sysctl.obj (.text:SysCtlClockSet)
                  00000b3c    0000009c     rtsv7M4_T_le_v4SPD16_eabi.lib : memcpy_t2.obj (.text)
                  00000bd8    00000068                                   : copy_decompress_lzss.obj (.text:decompress:lzss)
                  00000c40    00000048     driverlib.lib : gpio.obj (.text:GPIOPinConfigure)
                  00000c88    00000046                   : uart.obj (.text:UARTConfigSetExpClk)
                  00000cce    00000002     --HOLE-- [fill = 0]
                  00000cd0    00000044     rtsv7M4_T_le_v4SPD16_eabi.lib : autoinit.obj (.text:__TI_auto_init_nobinit_nopinit)
                  00000d14    00000040                                   : u_divt2.obj (.text)
                  00000d54    00000038     driverlib.lib : sysctl.obj (.text:SysCtlPeripheralPresent)
                  00000d8c    00000038     rtsv7M4_T_le_v4SPD16_eabi.lib : boot_cortex_m.obj (.text:_c_int00_noargs)
                  00000dc4    00000034     driverlib.lib : sysctl.obj (.text:SysCtlPeripheralEnable)
                  00000df8    0000002a                   : gpio.obj (.text:GPIODirModeSet)
                  00000e22    00000002     --HOLE-- [fill = 0]
                  00000e24    00000020                   : uart.obj (.text:UARTDisable)
                  00000e44    00000014                   : systick.obj (.text:SysTickEnable)
                  00000e58    00000014                   : systick.obj (.text:SysTickIntEnable)
                  00000e6c    00000014                   : uart.obj (.text:UARTEnable)
                  00000e80    00000012                   : gpio.obj (.text:GPIOPinTypeUART)
                  00000e92    00000010                   : interrupt.obj (.text:IntMasterEnable)
                  00000ea2    00000002     --HOLE-- [fill = 0]
                  00000ea4    00000010                   : systick.obj (.text:SysTickPeriodSet)
                  00000eb4    0000000e     rtsv7M4_T_le_v4SPD16_eabi.lib : copy_decompress_none.obj (.text:decompress:none)
                  00000ec2    0000000c     driverlib.lib : cpu.obj (.text:CPUcpsie)
                  00000ece    0000000c     tm4c123gh6pm_startup_ccs.obj (.text)
                  00000eda    0000000a     driverlib.lib : uart.obj (.text:UARTCharGet)
                  00000ee4    0000000a                   : uart.obj (.text:UARTCharPut)
                  00000eee    00000006                   : sysctl.obj (.text:SysCtlDelay)
                  00000ef4    00000006                   : uart.obj (.text:UARTClockSourceSet)
                  00000efa    00000004     rtsv7M4_T_le_v4SPD16_eabi.lib : exit.obj (.text:abort)
                  00000efe    00000004                                   : pre_init.obj (.text)

.const     0    00000f04    0000012c     
                  00000f04    00000090     driverlib.lib : gpio.obj (.const:g_pui32GPIOBaseAddrs)
                  00000f94    0000006c                   : sysctl.obj (.const:g_pui32Xtals)
                  00001000    00000012     uartstdio.obj (.const:.string)
                  00001012    00000002     --HOLE-- [fill = 0]
                  00001014    0000000c     uartstdio.obj (.const:g_ui32UARTBase)
                  00001020    0000000c     uartstdio.obj (.const:g_ui32UARTPeriph)
                  0000102c    00000004     uartstdio.obj (.const)

.cinit     0    00001030    00000018     
                  00001030    00000008     (__TI_handler_table)
                  00001038    00000007     (.cinit..data.load) [load image, compression = lzss]
                  0000103f    00000001     --HOLE-- [fill = 0]
                  00001040    00000008     (__TI_cinit_table)

.init_array 
*          0    00000000    00000000     UNINITIALIZED

.data      0    20000200    0000000c     UNINITIALIZED
                  20000200    00000005     uartstdio.obj (.data)
                  20000205    00000003     --HOLE--
                  20000208    00000004     main.obj (.data)

.stack     0    20000000    00000200     UNINITIALIZED
                  20000000    00000004     rtsv7M4_T_le_v4SPD16_eabi.lib : boot_cortex_m.obj (.stack)
                  20000004    000001fc     --HOLE--

MODULE SUMMARY

       Module                         code   ro data   rw data
       ------                         ----   -------   -------
    .\
       uartstdio.obj                  1180   46        5      
       tm4c123gh6pm_startup_ccs.obj   12     620       0      
       main.obj                       252    0         4      
    +--+------------------------------+------+---------+---------+
       Total:                         1444   666       9      
                                                              
    C:/ti/TivaWare_C_Series-2.1.4.178/driverlib/ccs/Debug/driverlib.lib
       sysctl.obj                     630    108       0      
       gpio.obj                       438    144       0      
       uart.obj                       148    0         0      
       systick.obj                    56     0         0      
       interrupt.obj                  16     0         0      
       cpu.obj                        12     0         0      
    +--+------------------------------+------+---------+---------+
       Total:                         1300   252       0      
                                                              
    C:\ti\ccsv7\tools\compiler\ti-cgt-arm_17.9.0.STS\lib\rtsv7M4_T_le_v4SPD16_eabi.lib
       memcpy_t2.obj                  156    0         0      
       copy_decompress_lzss.obj       104    0         0      
       autoinit.obj                   68     0         0      
       u_divt2.obj                    64     0         0      
       boot_cortex_m.obj              56     0         0      
       copy_decompress_none.obj       14     0         0      
       exit.obj                       4      0         0      
       pre_init.obj                   4      0         0      
       i_div0.obj                     2      0         0      
    +--+------------------------------+------+---------+---------+
       Total:                         472    0         0      
                                                              
       Stack:                         0      0         512    
       Linker Generated:              0      23        0      
    +--+------------------------------+------+---------+---------+
       Grand Total:                   3216   941       521    


LINKER GENERATED COPY TABLES

__TI_cinit_table @ 00001040 records: 1, size/record: 8, table size: 8
	.data: load addr=00001038, load size=00000007 bytes, run addr=20000200, run size=0000000c bytes, compression=lzss


LINKER GENERATED HANDLER TABLE

__TI_handler_table @ 00001030 records: 2, size/record: 4, table size: 8
	index: 0, handler: __TI_decompress_lzss
	index: 1, handler: __TI_decompress_none


GLOBAL SYMBOLS: SORTED ALPHABETICALLY BY Name 

address   name                          
-------   ----                          
00000efb  C$$EXIT                       
00000ec3  CPUcpsie                      
00000df9  GPIODirModeSet                
00000709  GPIOPadConfigSet              
00000c41  GPIOPinConfigure              
00000e81  GPIOPinTypeUART               
0000094d  InitConsole                   
00000e93  IntMasterEnable               
00000ecf  ResetISR                      
0000083d  SysCtlClockGet                
00000a49  SysCtlClockSet                
00000eef  SysCtlDelay                   
00000dc5  SysCtlPeripheralEnable        
00000d55  SysCtlPeripheralPresent       
00000e45  SysTickEnable                 
00000e59  SysTickIntEnable              
00000989  SysTickIntHandler             
00000ea5  SysTickPeriodSet              
00000edb  UARTCharGet                   
00000ee5  UARTCharPut                   
00000ef5  UARTClockSourceSet            
00000c89  UARTConfigSetExpClk           
00000e25  UARTDisable                   
00000e6d  UARTEnable                    
0000026d  UARTStdioConfig               
000003b3  UARTgetc                      
000002f9  UARTgets                      
000006d3  UARTprintf                    
000003d9  UARTvprintf                   
000002b3  UARTwrite                     
20000200  __STACK_END                   
00000200  __STACK_SIZE                  
20000200  __STACK_TOP                   
00001040  __TI_CINIT_Base               
00001048  __TI_CINIT_Limit              
00001030  __TI_Handler_Table_Base       
00001038  __TI_Handler_Table_Limit      
00000cd1  __TI_auto_init_nobinit_nopinit
00000bd9  __TI_decompress_lzss          
00000eb5  __TI_decompress_none          
ffffffff  __TI_pprof_out_hndl           
ffffffff  __TI_prof_data_size           
ffffffff  __TI_prof_data_start          
00000000  __TI_static_base__            
0000083b  __aeabi_idiv0                 
00000b3d  __aeabi_memcpy                
00000b3d  __aeabi_memcpy4               
00000b3d  __aeabi_memcpy8               
00000d15  __aeabi_uidiv                 
00000d15  __aeabi_uidivmod              
ffffffff  __binit__                     
ffffffff  __c_args__                    
UNDEFED   __mpu_init                    
20000000  __stack                       
00000d8d  _c_int00_noargs               
UNDEFED   _system_post_cinit            
00000eff  _system_pre_init              
00000efb  abort                         
ffffffff  binit                         
00000000  g_pfnVectors                  
20000208  g_ui32Counter                 
00000993  main                          
00000b3d  memcpy                        


GLOBAL SYMBOLS: SORTED BY Symbol Address 

address   name                          
-------   ----                          
00000000  __TI_static_base__            
00000000  g_pfnVectors                  
00000200  __STACK_SIZE                  
0000026d  UARTStdioConfig               
000002b3  UARTwrite                     
000002f9  UARTgets                      
000003b3  UARTgetc                      
000003d9  UARTvprintf                   
000006d3  UARTprintf                    
00000709  GPIOPadConfigSet              
0000083b  __aeabi_idiv0                 
0000083d  SysCtlClockGet                
0000094d  InitConsole                   
00000989  SysTickIntHandler             
00000993  main                          
00000a49  SysCtlClockSet                
00000b3d  __aeabi_memcpy                
00000b3d  __aeabi_memcpy4               
00000b3d  __aeabi_memcpy8               
00000b3d  memcpy                        
00000bd9  __TI_decompress_lzss          
00000c41  GPIOPinConfigure              
00000c89  UARTConfigSetExpClk           
00000cd1  __TI_auto_init_nobinit_nopinit
00000d15  __aeabi_uidiv                 
00000d15  __aeabi_uidivmod              
00000d55  SysCtlPeripheralPresent       
00000d8d  _c_int00_noargs               
00000dc5  SysCtlPeripheralEnable        
00000df9  GPIODirModeSet                
00000e25  UARTDisable                   
00000e45  SysTickEnable                 
00000e59  SysTickIntEnable              
00000e6d  UARTEnable                    
00000e81  GPIOPinTypeUART               
00000e93  IntMasterEnable               
00000ea5  SysTickPeriodSet              
00000eb5  __TI_decompress_none          
00000ec3  CPUcpsie                      
00000ecf  ResetISR                      
00000edb  UARTCharGet                   
00000ee5  UARTCharPut                   
00000eef  SysCtlDelay                   
00000ef5  UARTClockSourceSet            
00000efb  C$$EXIT                       
00000efb  abort                         
00000eff  _system_pre_init              
00001030  __TI_Handler_Table_Base       
00001038  __TI_Handler_Table_Limit      
00001040  __TI_CINIT_Base               
00001048  __TI_CINIT_Limit              
20000000  __stack                       
20000200  __STACK_END                   
20000200  __STACK_TOP                   
20000208  g_ui32Counter                 
ffffffff  __TI_pprof_out_hndl           
ffffffff  __TI_prof_data_size           
ffffffff  __TI_prof_data_start          
ffffffff  __binit__                     
ffffffff  __c_args__                    
ffffffff  binit                         
UNDEFED   __mpu_init                    
UNDEFED   _system_post_cinit            

[63 symbols]
