******************************************************************************
                  TI ARM Linker PC v17.9.0                     
******************************************************************************
>> Linked Mon Mar  5 16:49:41 2018

OUTPUT FILE NAME:   <Example4_UARTInterrupt.out>
ENTRY POINT SYMBOL: "_c_int00_noargs"  address: 00000e59


MEMORY CONFIGURATION

         name            origin    length      used     unused   attr    fill
----------------------  --------  ---------  --------  --------  ----  --------
  FLASH                 00000000   00040000  000011b0  0003ee50  R  X
  SRAM                  20000000   00008000  0000046c  00007b94  RW X


SEGMENT ALLOCATION MAP

run origin  load origin   length   init length attrs members
----------  ----------- ---------- ----------- ----- -------
00000000    00000000    000011b4   000011b4    r-x
  00000000    00000000    0000026c   0000026c    r-- .intvecs
  0000026c    0000026c    00000d44   00000d44    r-x .text
  00000fb0    00000fb0    000001ec   000001ec    r-- .const
  000011a0    000011a0    00000014   00000014    r-- .cinit
20000000    20000000    00000470   00000000    rw-
  20000000    20000000    0000026c   00000000    rw- .vtable
  20000270    20000270    00000200   00000000    rw- .stack


SECTION ALLOCATION MAP

 output                                  attributes/
section   page    origin      length       input sections
--------  ----  ----------  ----------   ----------------
.intvecs   0    00000000    0000026c     
                  00000000    0000026c     tm4c123gh6pm_startup_ccs.obj (.intvecs)

.text      0    0000026c    00000d44     
                  0000026c    0000062e     uart.obj (.text)
                  0000089a    00000132     driverlib.lib : gpio.obj (.text:GPIOPadConfigSet)
                  000009cc    0000012c     main.obj (.text)
                  00000af8    00000110     driverlib.lib : sysctl.obj (.text:SysCtlClockGet)
                  00000c08    000000f4                   : sysctl.obj (.text:SysCtlClockSet)
                  00000cfc    00000068                   : interrupt.obj (.text:IntDisable)
                  00000d64    00000068                   : interrupt.obj (.text:IntEnable)
                  00000dcc    00000048                   : gpio.obj (.text:GPIOPinConfigure)
                  00000e14    00000044     rtsv7M4_T_le_v4SPD16_eabi.lib : autoinit.obj (.text:__TI_auto_init_nobinit_nopinit)
                  00000e58    00000038                                   : boot_cortex_m.obj (.text:_c_int00_noargs)
                  00000e90    00000034     driverlib.lib : interrupt.obj (.text:IntRegister)
                  00000ec4    00000034                   : sysctl.obj (.text:SysCtlPeripheralEnable)
                  00000ef8    0000002a                   : gpio.obj (.text:GPIODirModeSet)
                  00000f22    00000018                   : gpio.obj (.text:GPIOPinTypeGPIOOutput)
                  00000f3a    00000002                   : interrupt.obj (.text:_IntDefaultHandler)
                  00000f3c    00000014                   : interrupt.obj (.text:IntUnregister)
                  00000f50    00000012                   : gpio.obj (.text:GPIOPinTypeUART)
                  00000f62    00000012     rtsv7M4_T_le_v4SPD16_eabi.lib : copy_zero_init.obj (.text:decompress:ZI:__TI_zero_init_nomemset)
                  00000f74    00000010     driverlib.lib : interrupt.obj (.text:IntMasterEnable)
                  00000f84    0000000c                   : cpu.obj (.text:CPUcpsie)
                  00000f90    0000000c     tm4c123gh6pm_startup_ccs.obj (.text)
                  00000f9c    00000006     driverlib.lib : gpio.obj (.text:GPIOPinWrite)
                  00000fa2    00000006                   : sysctl.obj (.text:SysCtlDelay)
                  00000fa8    00000004     rtsv7M4_T_le_v4SPD16_eabi.lib : exit.obj (.text:abort)
                  00000fac    00000004                                   : pre_init.obj (.text)

.const     0    00000fb0    000001ec     
                  00000fb0    00000090     driverlib.lib : gpio.obj (.const:g_pui32GPIOBaseAddrs)
                  00001040    00000070                   : interrupt.obj (.const)
                  000010b0    0000006c                   : sysctl.obj (.const:g_pui32Xtals)
                  0000111c    00000040     uart.obj (.const:g_ppui32UARTIntMap)
                  0000115c    00000040     uart.obj (.const:g_ppui32UARTIntMapSnowflake)

.cinit     0    000011a0    00000014     
                  000011a0    00000008     (.cinit..vtable.load) [load image, compression = zero_init]
                  000011a8    00000004     (__TI_handler_table)
                  000011ac    00000008     (__TI_cinit_table)

.init_array 
*          0    00000000    00000000     UNINITIALIZED

.vtable    0    20000000    0000026c     UNINITIALIZED
                  20000000    0000026c     driverlib.lib : interrupt.obj (.vtable)

.stack     0    20000270    00000200     UNINITIALIZED
                  20000270    00000004     rtsv7M4_T_le_v4SPD16_eabi.lib : boot_cortex_m.obj (.stack)
                  20000274    000001fc     --HOLE--

MODULE SUMMARY

       Module                         code   ro data   rw data
       ------                         ----   -------   -------
    .\
       uart.obj                       1582   128       0      
       tm4c123gh6pm_startup_ccs.obj   12     620       0      
       main.obj                       300    0         0      
    +--+------------------------------+------+---------+---------+
       Total:                         1894   748       0      
                                                              
    C:/ti/TivaWare_C_Series-2.1.4.178/driverlib/ccs/Debug/driverlib.lib
       interrupt.obj                  298    112       620    
       sysctl.obj                     574    108       0      
       gpio.obj                       468    144       0      
       cpu.obj                        12     0         0      
    +--+------------------------------+------+---------+---------+
       Total:                         1352   364       620    
                                                              
    C:\ti\ccsv7\tools\compiler\ti-cgt-arm_17.9.0.STS\lib\rtsv7M4_T_le_v4SPD16_eabi.lib
       autoinit.obj                   68     0         0      
       boot_cortex_m.obj              56     0         0      
       copy_zero_init.obj             18     0         0      
       exit.obj                       4      0         0      
       pre_init.obj                   4      0         0      
    +--+------------------------------+------+---------+---------+
       Total:                         150    0         0      
                                                              
       Stack:                         0      0         512    
       Linker Generated:              0      20        0      
    +--+------------------------------+------+---------+---------+
       Grand Total:                   3396   1132      1132   


LINKER GENERATED COPY TABLES

__TI_cinit_table @ 000011ac records: 1, size/record: 8, table size: 8
	.vtable: load addr=000011a0, load size=00000008 bytes, run addr=20000000, run size=0000026c bytes, compression=zero_init


LINKER GENERATED HANDLER TABLE

__TI_handler_table @ 000011a8 records: 1, size/record: 4, table size: 4
	index: 0, handler: __TI_zero_init


GLOBAL SYMBOLS: SORTED ALPHABETICALLY BY Name 

address   name                          
-------   ----                          
00000fa9  C$$EXIT                       
00000f85  CPUcpsie                      
00000ef9  GPIODirModeSet                
0000089b  GPIOPadConfigSet              
00000dcd  GPIOPinConfigure              
00000f23  GPIOPinTypeGPIOOutput         
00000f51  GPIOPinTypeUART               
00000f9d  GPIOPinWrite                  
00000cfd  IntDisable                    
00000d65  IntEnable                     
00000f75  IntMasterEnable               
00000e91  IntRegister                   
00000f3d  IntUnregister                 
00000f91  ResetISR                      
00000af9  SysCtlClockGet                
00000c09  SysCtlClockSet                
00000fa3  SysCtlDelay                   
00000ec5  SysCtlPeripheralEnable        
0000083d  UART9BitAddrSend              
00000817  UART9BitAddrSet               
00000801  UART9BitDisable               
000007eb  UART9BitEnable                
0000068f  UARTBreakCtl                  
000006b9  UARTBusy                      
00000637  UARTCharGet                   
0000061b  UARTCharGetNonBlocking        
00000671  UARTCharPut                   
0000064d  UARTCharPutNonBlocking        
000005df  UARTCharsAvail                
000007db  UARTClockSourceGet            
000007c7  UARTClockSourceSet            
000003af  UARTConfigGetExpClk           
00000339  UARTConfigSetExpClk           
0000078d  UARTDMADisable                
00000775  UARTDMAEnable                 
0000041f  UARTDisable                   
000004a3  UARTDisableSIR                
000003fb  UARTEnable                    
00000475  UARTEnableSIR                 
0000045f  UARTFIFODisable               
00000449  UARTFIFOEnable                
00000311  UARTFIFOLevelGet              
000002f9  UARTFIFOLevelSet              
0000059f  UARTFlowControlGet            
00000583  UARTFlowControlSet            
00000763  UARTIntClear                  
0000072d  UARTIntDisable                
00000715  UARTIntEnable                 
000009cd  UARTIntHandler                
000006d7  UARTIntRegister               
00000745  UARTIntStatus                 
000006f5  UARTIntUnregister             
00000885  UARTLoopbackEnable            
00000539  UARTModemControlClear         
0000055d  UARTModemControlGet           
00000501  UARTModemControlSet           
0000056f  UARTModemStatusGet            
000002e7  UARTParityModeGet             
000002cb  UARTParityModeSet             
000007b7  UARTRxErrorClear              
000007a5  UARTRxErrorGet                
000004eb  UARTSmartCardDisable          
000004b9  UARTSmartCardEnable           
000005fd  UARTSpaceAvail                
000005cd  UARTTxIntModeGet              
000005b1  UARTTxIntModeSet              
20000470  __STACK_END                   
00000200  __STACK_SIZE                  
20000470  __STACK_TOP                   
000011ac  __TI_CINIT_Base               
000011b4  __TI_CINIT_Limit              
000011a8  __TI_Handler_Table_Base       
000011ac  __TI_Handler_Table_Limit      
00000e15  __TI_auto_init_nobinit_nopinit
ffffffff  __TI_pprof_out_hndl           
ffffffff  __TI_prof_data_size           
ffffffff  __TI_prof_data_start          
00000000  __TI_static_base__            
00000f63  __TI_zero_init_nomemset       
ffffffff  __binit__                     
ffffffff  __c_args__                    
UNDEFED   __mpu_init                    
20000270  __stack                       
00000e59  _c_int00_noargs               
UNDEFED   _system_post_cinit            
00000fad  _system_pre_init              
00000fa9  abort                         
ffffffff  binit                         
20000000  g_pfnRAMVectors               
00000000  g_pfnVectors                  
00000a21  main                          


GLOBAL SYMBOLS: SORTED BY Symbol Address 

address   name                          
-------   ----                          
00000000  __TI_static_base__            
00000000  g_pfnVectors                  
00000200  __STACK_SIZE                  
000002cb  UARTParityModeSet             
000002e7  UARTParityModeGet             
000002f9  UARTFIFOLevelSet              
00000311  UARTFIFOLevelGet              
00000339  UARTConfigSetExpClk           
000003af  UARTConfigGetExpClk           
000003fb  UARTEnable                    
0000041f  UARTDisable                   
00000449  UARTFIFOEnable                
0000045f  UARTFIFODisable               
00000475  UARTEnableSIR                 
000004a3  UARTDisableSIR                
000004b9  UARTSmartCardEnable           
000004eb  UARTSmartCardDisable          
00000501  UARTModemControlSet           
00000539  UARTModemControlClear         
0000055d  UARTModemControlGet           
0000056f  UARTModemStatusGet            
00000583  UARTFlowControlSet            
0000059f  UARTFlowControlGet            
000005b1  UARTTxIntModeSet              
000005cd  UARTTxIntModeGet              
000005df  UARTCharsAvail                
000005fd  UARTSpaceAvail                
0000061b  UARTCharGetNonBlocking        
00000637  UARTCharGet                   
0000064d  UARTCharPutNonBlocking        
00000671  UARTCharPut                   
0000068f  UARTBreakCtl                  
000006b9  UARTBusy                      
000006d7  UARTIntRegister               
000006f5  UARTIntUnregister             
00000715  UARTIntEnable                 
0000072d  UARTIntDisable                
00000745  UARTIntStatus                 
00000763  UARTIntClear                  
00000775  UARTDMAEnable                 
0000078d  UARTDMADisable                
000007a5  UARTRxErrorGet                
000007b7  UARTRxErrorClear              
000007c7  UARTClockSourceSet            
000007db  UARTClockSourceGet            
000007eb  UART9BitEnable                
00000801  UART9BitDisable               
00000817  UART9BitAddrSet               
0000083d  UART9BitAddrSend              
00000885  UARTLoopbackEnable            
0000089b  GPIOPadConfigSet              
000009cd  UARTIntHandler                
00000a21  main                          
00000af9  SysCtlClockGet                
00000c09  SysCtlClockSet                
00000cfd  IntDisable                    
00000d65  IntEnable                     
00000dcd  GPIOPinConfigure              
00000e15  __TI_auto_init_nobinit_nopinit
00000e59  _c_int00_noargs               
00000e91  IntRegister                   
00000ec5  SysCtlPeripheralEnable        
00000ef9  GPIODirModeSet                
00000f23  GPIOPinTypeGPIOOutput         
00000f3d  IntUnregister                 
00000f51  GPIOPinTypeUART               
00000f63  __TI_zero_init_nomemset       
00000f75  IntMasterEnable               
00000f85  CPUcpsie                      
00000f91  ResetISR                      
00000f9d  GPIOPinWrite                  
00000fa3  SysCtlDelay                   
00000fa9  C$$EXIT                       
00000fa9  abort                         
00000fad  _system_pre_init              
000011a8  __TI_Handler_Table_Base       
000011ac  __TI_CINIT_Base               
000011ac  __TI_Handler_Table_Limit      
000011b4  __TI_CINIT_Limit              
20000000  g_pfnRAMVectors               
20000270  __stack                       
20000470  __STACK_END                   
20000470  __STACK_TOP                   
ffffffff  __TI_pprof_out_hndl           
ffffffff  __TI_prof_data_size           
ffffffff  __TI_prof_data_start          
ffffffff  __binit__                     
ffffffff  __c_args__                    
ffffffff  binit                         
UNDEFED   __mpu_init                    
UNDEFED   _system_post_cinit            

[91 symbols]
