******************************************************************************
                  TI ARM Linker Unix v18.1.1                   
******************************************************************************
>> Linked Thu Apr 12 13:28:54 2018

OUTPUT FILE NAME:   <example07-SwitchSM.out>
ENTRY POINT SYMBOL: "_c_int00_noargs"  address: 00000e8d


MEMORY CONFIGURATION

         name            origin    length      used     unused   attr    fill
----------------------  --------  ---------  --------  --------  ----  --------
  FLASH                 00000000   00040000  00001124  0003eedc  R  X
  SRAM                  20000000   00008000  00000216  00007dea  RW X


SEGMENT ALLOCATION MAP

run origin  load origin   length   init length attrs members
----------  ----------- ---------- ----------- ----- -------
00000000    00000000    00001128   00001128    r-x
  00000000    00000000    0000026c   0000026c    r-- .intvecs
  0000026c    0000026c    00000d64   00000d64    r-x .text
  00000fd0    00000fd0    0000012c   0000012c    r-- .const
  00001100    00001100    00000028   00000028    r-- .cinit
20000000    20000000    00000216   00000000    rw-
  20000000    20000000    00000200   00000000    rw- .stack
  20000200    20000200    00000016   00000000    rw- .data


SECTION ALLOCATION MAP

 output                                  attributes/
section   page    origin      length       input sections
--------  ----  ----------  ----------   ----------------
.intvecs   0    00000000    0000026c     
                  00000000    0000026c     tm4c123gh6pm_startup_ccs.obj (.intvecs)

.text      0    0000026c    00000d64     
                  0000026c    0000049c     uartstdio.obj (.text)
                  00000708    00000132     driverlib.lib : gpio.obj (.text:GPIOPadConfigSet)
                  0000083a    00000002     rtsv7M4_T_le_v4SPD16_eabi.lib : div0.asm.obj (.text)
                  0000083c    00000128     ledRedStateMachine.obj (.text)
                  00000964    000000f4     driverlib.lib : sysctl.obj (.text:SysCtlClockSet)
                  00000a58    000000e8     main.obj (.text)
                  00000b40    0000009c     rtsv7M4_T_le_v4SPD16_eabi.lib : memcpy_t2.asm.obj (.text)
                  00000bdc    0000009c     switches.obj (.text)
                  00000c78    00000068     rtsv7M4_T_le_v4SPD16_eabi.lib : copy_decompress_lzss.c.obj (.text:decompress:lzss:__TI_decompress_lzss)
                  00000ce0    00000060     led.obj (.text)
                  00000d40    00000048     driverlib.lib : gpio.obj (.text:GPIOPinConfigure)
                  00000d88    00000046                   : uart.obj (.text:UARTConfigSetExpClk)
                  00000dce    00000002     --HOLE-- [fill = 0]
                  00000dd0    00000044     rtsv7M4_T_le_v4SPD16_eabi.lib : autoinit.c.obj (.text:__TI_auto_init_nobinit_nopinit:__TI_auto_init_nobinit_nopinit)
                  00000e14    00000040                                   : u_divt2.asm.obj (.text)
                  00000e54    00000038     driverlib.lib : sysctl.obj (.text:SysCtlPeripheralPresent)
                  00000e8c    00000038     rtsv7M4_T_le_v4SPD16_eabi.lib : boot_cortex_m.c.obj (.text:_c_int00_noargs:_c_int00_noargs)
                  00000ec4    00000034     driverlib.lib : sysctl.obj (.text:SysCtlPeripheralEnable)
                  00000ef8    0000002a                   : gpio.obj (.text:GPIODirModeSet)
                  00000f22    00000002     --HOLE-- [fill = 0]
                  00000f24    00000020                   : uart.obj (.text:UARTDisable)
                  00000f44    00000018                   : gpio.obj (.text:GPIOPinTypeGPIOOutput)
                  00000f5c    00000014                   : uart.obj (.text:UARTEnable)
                  00000f70    00000012                   : gpio.obj (.text:GPIOPinTypeUART)
                  00000f82    0000000e     rtsv7M4_T_le_v4SPD16_eabi.lib : copy_decompress_none.c.obj (.text:decompress:none:__TI_decompress_none)
                  00000f90    0000000c     tm4c123gh6pm_startup_ccs.obj (.text)
                  00000f9c    0000000a     driverlib.lib : uart.obj (.text:UARTCharGet)
                  00000fa6    0000000a                   : uart.obj (.text:UARTCharPut)
                  00000fb0    00000006                   : gpio.obj (.text:GPIOPinRead)
                  00000fb6    00000006                   : gpio.obj (.text:GPIOPinWrite)
                  00000fbc    00000006                   : sysctl.obj (.text:SysCtlDelay)
                  00000fc2    00000006                   : uart.obj (.text:UARTClockSourceSet)
                  00000fc8    00000004     rtsv7M4_T_le_v4SPD16_eabi.lib : pre_init.c.obj (.text:_system_pre_init)
                  00000fcc    00000004                                   : exit.c.obj (.text:abort:abort)

.const     0    00000fd0    0000012c     
                  00000fd0    00000090     driverlib.lib : gpio.obj (.const:g_pui32GPIOBaseAddrs)
                  00001060    00000038     ledRedStateMachine.obj (.const:.string)
                  00001098    00000019     ledRedStateMachine.obj (.const:.string:$P$T0$1)
                  000010b1    00000003     --HOLE-- [fill = 0]
                  000010b4    00000012     uartstdio.obj (.const:.string)
                  000010c6    0000000c     main.obj (.const:.string:$P$T0$1)
                  000010d2    00000002     --HOLE-- [fill = 0]
                  000010d4    0000000c     uartstdio.obj (.const:g_ui32UARTBase)
                  000010e0    0000000c     uartstdio.obj (.const:g_ui32UARTPeriph)
                  000010ec    0000000c     led.obj (.const:ledPin)
                  000010f8    00000004     uartstdio.obj (.const)

.cinit     0    00001100    00000028     
                  00001100    00000015     (.cinit..data.load) [load image, compression = lzss]
                  00001115    00000003     --HOLE-- [fill = 0]
                  00001118    00000008     (__TI_handler_table)
                  00001120    00000008     (__TI_cinit_table)

.init_array 
*          0    00000000    00000000     UNINITIALIZED

.data      0    20000200    00000016     UNINITIALIZED
                  20000200    00000010     ledRedStateMachine.obj (.data:stateName)
                  20000210    00000005     uartstdio.obj (.data)
                  20000215    00000001     ledRedStateMachine.obj (.data)

.stack     0    20000000    00000200     UNINITIALIZED
                  20000000    00000004     rtsv7M4_T_le_v4SPD16_eabi.lib : boot_cortex_m.c.obj (.stack)
                  20000004    000001fc     --HOLE--

MODULE SUMMARY

       Module                         code   ro data   rw data
       ------                         ----   -------   -------
    ./
       uartstdio.obj                  1180   46        5      
       tm4c123gh6pm_startup_ccs.obj   12     620       0      
       ledRedStateMachine.obj         296    81        17     
       main.obj                       232    12        0      
       switches.obj                   156    0         0      
       led.obj                        96     12        0      
    +--+------------------------------+------+---------+---------+
       Total:                         1972   771       22     
                                                              
    /home/antiaegis/ti/SW-TM4C-2.1.4.178/driverlib/ccs/Debug/driverlib.lib
       gpio.obj                       474    144       0      
       sysctl.obj                     358    0         0      
       uart.obj                       148    0         0      
    +--+------------------------------+------+---------+---------+
       Total:                         980    144       0      
                                                              
    /home/antiaegis/ti/ccsv8/tools/compiler/ti-cgt-arm_18.1.1.LTS/lib/rtsv7M4_T_le_v4SPD16_eabi.lib
       memcpy_t2.asm.obj              156    0         0      
       copy_decompress_lzss.c.obj     104    0         0      
       autoinit.c.obj                 68     0         0      
       u_divt2.asm.obj                64     0         0      
       boot_cortex_m.c.obj            56     0         0      
       copy_decompress_none.c.obj     14     0         0      
       exit.c.obj                     4      0         0      
       pre_init.c.obj                 4      0         0      
       div0.asm.obj                   2      0         0      
    +--+------------------------------+------+---------+---------+
       Total:                         472    0         0      
                                                              
       Stack:                         0      0         512    
       Linker Generated:              0      37        0      
    +--+------------------------------+------+---------+---------+
       Grand Total:                   3424   952       534    


LINKER GENERATED COPY TABLES

__TI_cinit_table @ 00001120 records: 1, size/record: 8, table size: 8
	.data: load addr=00001100, load size=00000015 bytes, run addr=20000200, run size=00000016 bytes, compression=lzss


LINKER GENERATED HANDLER TABLE

__TI_handler_table @ 00001118 records: 2, size/record: 4, table size: 8
	index: 0, handler: __TI_decompress_lzss
	index: 1, handler: __TI_decompress_none


GLOBAL SYMBOLS: SORTED ALPHABETICALLY BY Name 

address   name                          
-------   ----                          
00000fcd  C$$EXIT                       
00000ef9  GPIODirModeSet                
00000709  GPIOPadConfigSet              
00000d41  GPIOPinConfigure              
00000fb1  GPIOPinRead                   
00000f45  GPIOPinTypeGPIOOutput         
00000f71  GPIOPinTypeUART               
00000fb7  GPIOPinWrite                  
00000a59  InitConsole                   
00000f91  ResetISR                      
00000965  SysCtlClockSet                
00000fbd  SysCtlDelay                   
00000ec5  SysCtlPeripheralEnable        
00000e55  SysCtlPeripheralPresent       
00000f9d  UARTCharGet                   
00000fa7  UARTCharPut                   
00000fc3  UARTClockSourceSet            
00000d89  UARTConfigSetExpClk           
00000f25  UARTDisable                   
00000f5d  UARTEnable                    
0000026d  UARTStdioConfig               
000003b3  UARTgetc                      
000002f9  UARTgets                      
000006d3  UARTprintf                    
000003d9  UARTvprintf                   
000002b3  UARTwrite                     
20000200  __STACK_END                   
00000200  __STACK_SIZE                  
20000200  __STACK_TOP                   
00001120  __TI_CINIT_Base               
00001128  __TI_CINIT_Limit              
00001118  __TI_Handler_Table_Base       
00001120  __TI_Handler_Table_Limit      
00000dd1  __TI_auto_init_nobinit_nopinit
00000c79  __TI_decompress_lzss          
00000f83  __TI_decompress_none          
ffffffff  __TI_pprof_out_hndl           
ffffffff  __TI_prof_data_size           
ffffffff  __TI_prof_data_start          
00000000  __TI_static_base__            
0000083b  __aeabi_idiv0                 
0000083b  __aeabi_ldiv0                 
00000b41  __aeabi_memcpy                
00000b41  __aeabi_memcpy4               
00000b41  __aeabi_memcpy8               
00000e15  __aeabi_uidiv                 
00000e15  __aeabi_uidivmod              
ffffffff  __binit__                     
ffffffff  __c_args__                    
UNDEFED   __mpu_init                    
20000000  __stack                       
00000e8d  _c_int00_noargs               
UNDEFED   _system_post_cinit            
00000fc9  _system_pre_init              
00000fcd  abort                         
ffffffff  binit                         
00000000  g_pfnVectors                  
00000cf3  ledControl                    
00000ce1  ledInit                       
000010ec  ledPin                        
0000083d  ledRedStateMachineUpdate      
00000ac3  main                          
00000b41  memcpy                        
00000a95  setupSystem                   
20000200  stateName                     
00000bdd  switchInit                    
00000c25  switchState                   


GLOBAL SYMBOLS: SORTED BY Symbol Address 

address   name                          
-------   ----                          
00000000  __TI_static_base__            
00000000  g_pfnVectors                  
00000200  __STACK_SIZE                  
0000026d  UARTStdioConfig               
000002b3  UARTwrite                     
000002f9  UARTgets                      
000003b3  UARTgetc                      
000003d9  UARTvprintf                   
000006d3  UARTprintf                    
00000709  GPIOPadConfigSet              
0000083b  __aeabi_idiv0                 
0000083b  __aeabi_ldiv0                 
0000083d  ledRedStateMachineUpdate      
00000965  SysCtlClockSet                
00000a59  InitConsole                   
00000a95  setupSystem                   
00000ac3  main                          
00000b41  __aeabi_memcpy                
00000b41  __aeabi_memcpy4               
00000b41  __aeabi_memcpy8               
00000b41  memcpy                        
00000bdd  switchInit                    
00000c25  switchState                   
00000c79  __TI_decompress_lzss          
00000ce1  ledInit                       
00000cf3  ledControl                    
00000d41  GPIOPinConfigure              
00000d89  UARTConfigSetExpClk           
00000dd1  __TI_auto_init_nobinit_nopinit
00000e15  __aeabi_uidiv                 
00000e15  __aeabi_uidivmod              
00000e55  SysCtlPeripheralPresent       
00000e8d  _c_int00_noargs               
00000ec5  SysCtlPeripheralEnable        
00000ef9  GPIODirModeSet                
00000f25  UARTDisable                   
00000f45  GPIOPinTypeGPIOOutput         
00000f5d  UARTEnable                    
00000f71  GPIOPinTypeUART               
00000f83  __TI_decompress_none          
00000f91  ResetISR                      
00000f9d  UARTCharGet                   
00000fa7  UARTCharPut                   
00000fb1  GPIOPinRead                   
00000fb7  GPIOPinWrite                  
00000fbd  SysCtlDelay                   
00000fc3  UARTClockSourceSet            
00000fc9  _system_pre_init              
00000fcd  C$$EXIT                       
00000fcd  abort                         
000010ec  ledPin                        
00001118  __TI_Handler_Table_Base       
00001120  __TI_CINIT_Base               
00001120  __TI_Handler_Table_Limit      
00001128  __TI_CINIT_Limit              
20000000  __stack                       
20000200  __STACK_END                   
20000200  __STACK_TOP                   
20000200  stateName                     
ffffffff  __TI_pprof_out_hndl           
ffffffff  __TI_prof_data_size           
ffffffff  __TI_prof_data_start          
ffffffff  __binit__                     
ffffffff  __c_args__                    
ffffffff  binit                         
UNDEFED   __mpu_init                    
UNDEFED   _system_post_cinit            

[67 symbols]
