******************************************************************************
                  TI ARM Linker Unix v18.1.1                   
******************************************************************************
>> Linked Wed Apr 11 13:14:28 2018

OUTPUT FILE NAME:   <Labexample7_SwitchStateMachine.out>
ENTRY POINT SYMBOL: "_c_int00_noargs"  address: 00000d69


MEMORY CONFIGURATION

         name            origin    length      used     unused   attr    fill
----------------------  --------  ---------  --------  --------  ----  --------
  FLASH                 00000000   00040000  00000f9c  0003f064  R  X
  SRAM                  20000000   00008000  00000205  00007dfb  RW X


SEGMENT ALLOCATION MAP

run origin  load origin   length   init length attrs members
----------  ----------- ---------- ----------- ----- -------
00000000    00000000    00000fa0   00000fa0    r-x
  00000000    00000000    0000026c   0000026c    r-- .intvecs
  0000026c    0000026c    00000c40   00000c40    r-x .text
  00000eac    00000eac    000000d8   000000d8    r-- .const
  00000f88    00000f88    00000018   00000018    r-- .cinit
20000000    20000000    00000205   00000000    rw-
  20000000    20000000    00000200   00000000    rw- .stack
  20000200    20000200    00000005   00000000    rw- .data


SECTION ALLOCATION MAP

 output                                  attributes/
section   page    origin      length       input sections
--------  ----  ----------  ----------   ----------------
.intvecs   0    00000000    0000026c     
                  00000000    0000026c     tm4c123gh6pm_startup_ccs.obj (.intvecs)

.text      0    0000026c    00000c40     
                  0000026c    0000049c     uartstdio.obj (.text)
                  00000708    00000132     driverlib.lib : gpio.obj (.text:GPIOPadConfigSet)
                  0000083a    00000002     ledRedStateMachine.obj (.text)
                  0000083c    000000f4     driverlib.lib : sysctl.obj (.text:SysCtlClockSet)
                  00000930    000000ec     main.obj (.text)
                  00000a1c    0000009c     rtsv7M4_T_le_v4SPD16_eabi.lib : memcpy_t2.asm.obj (.text)
                  00000ab8    0000009c     switches.obj (.text)
                  00000b54    00000068     rtsv7M4_T_le_v4SPD16_eabi.lib : copy_decompress_lzss.c.obj (.text:decompress:lzss:__TI_decompress_lzss)
                  00000bbc    00000060     led.obj (.text)
                  00000c1c    00000048     driverlib.lib : gpio.obj (.text:GPIOPinConfigure)
                  00000c64    00000046                   : uart.obj (.text:UARTConfigSetExpClk)
                  00000caa    00000002     rtsv7M4_T_le_v4SPD16_eabi.lib : div0.asm.obj (.text)
                  00000cac    00000044                                   : autoinit.c.obj (.text:__TI_auto_init_nobinit_nopinit:__TI_auto_init_nobinit_nopinit)
                  00000cf0    00000040                                   : u_divt2.asm.obj (.text)
                  00000d30    00000038     driverlib.lib : sysctl.obj (.text:SysCtlPeripheralPresent)
                  00000d68    00000038     rtsv7M4_T_le_v4SPD16_eabi.lib : boot_cortex_m.c.obj (.text:_c_int00_noargs:_c_int00_noargs)
                  00000da0    00000034     driverlib.lib : sysctl.obj (.text:SysCtlPeripheralEnable)
                  00000dd4    0000002a                   : gpio.obj (.text:GPIODirModeSet)
                  00000dfe    00000002     --HOLE-- [fill = 0]
                  00000e00    00000020                   : uart.obj (.text:UARTDisable)
                  00000e20    00000018                   : gpio.obj (.text:GPIOPinTypeGPIOOutput)
                  00000e38    00000014                   : uart.obj (.text:UARTEnable)
                  00000e4c    00000012                   : gpio.obj (.text:GPIOPinTypeUART)
                  00000e5e    0000000e     rtsv7M4_T_le_v4SPD16_eabi.lib : copy_decompress_none.c.obj (.text:decompress:none:__TI_decompress_none)
                  00000e6c    0000000c     tm4c123gh6pm_startup_ccs.obj (.text)
                  00000e78    0000000a     driverlib.lib : uart.obj (.text:UARTCharGet)
                  00000e82    0000000a                   : uart.obj (.text:UARTCharPut)
                  00000e8c    00000006                   : gpio.obj (.text:GPIOPinRead)
                  00000e92    00000006                   : gpio.obj (.text:GPIOPinWrite)
                  00000e98    00000006                   : sysctl.obj (.text:SysCtlDelay)
                  00000e9e    00000006                   : uart.obj (.text:UARTClockSourceSet)
                  00000ea4    00000004     rtsv7M4_T_le_v4SPD16_eabi.lib : pre_init.c.obj (.text:_system_pre_init)
                  00000ea8    00000004                                   : exit.c.obj (.text:abort:abort)

.const     0    00000eac    000000d8     
                  00000eac    00000090     driverlib.lib : gpio.obj (.const:g_pui32GPIOBaseAddrs)
                  00000f3c    00000012     uartstdio.obj (.const:.string)
                  00000f4e    0000000c     main.obj (.const:.string:$P$T0$1)
                  00000f5a    00000002     --HOLE-- [fill = 0]
                  00000f5c    0000000c     uartstdio.obj (.const:g_ui32UARTBase)
                  00000f68    0000000c     uartstdio.obj (.const:g_ui32UARTPeriph)
                  00000f74    0000000c     led.obj (.const:ledPin)
                  00000f80    00000004     uartstdio.obj (.const)

.cinit     0    00000f88    00000018     
                  00000f88    00000008     (__TI_handler_table)
                  00000f90    00000007     (.cinit..data.load) [load image, compression = lzss]
                  00000f97    00000001     --HOLE-- [fill = 0]
                  00000f98    00000008     (__TI_cinit_table)

.init_array 
*          0    00000000    00000000     UNINITIALIZED

.data      0    20000200    00000005     UNINITIALIZED
                  20000200    00000005     uartstdio.obj (.data)

.stack     0    20000000    00000200     UNINITIALIZED
                  20000000    00000004     rtsv7M4_T_le_v4SPD16_eabi.lib : boot_cortex_m.c.obj (.stack)
                  20000004    000001fc     --HOLE--

MODULE SUMMARY

       Module                         code   ro data   rw data
       ------                         ----   -------   -------
    ./
       uartstdio.obj                  1180   46        5      
       tm4c123gh6pm_startup_ccs.obj   12     620       0      
       main.obj                       236    12        0      
       switches.obj                   156    0         0      
       led.obj                        96     12        0      
       ledRedStateMachine.obj         2      0         0      
    +--+------------------------------+------+---------+---------+
       Total:                         1682   690       5      
                                                              
    /home/antiaegis/ti/SW-TM4C-2.1.4.178/driverlib/ccs/Debug/driverlib.lib
       gpio.obj                       474    144       0      
       sysctl.obj                     358    0         0      
       uart.obj                       148    0         0      
    +--+------------------------------+------+---------+---------+
       Total:                         980    144       0      
                                                              
    /home/antiaegis/ti/ccsv8/tools/compiler/ti-cgt-arm_18.1.1.LTS/lib/rtsv7M4_T_le_v4SPD16_eabi.lib
       memcpy_t2.asm.obj              156    0         0      
       copy_decompress_lzss.c.obj     104    0         0      
       autoinit.c.obj                 68     0         0      
       u_divt2.asm.obj                64     0         0      
       boot_cortex_m.c.obj            56     0         0      
       copy_decompress_none.c.obj     14     0         0      
       exit.c.obj                     4      0         0      
       pre_init.c.obj                 4      0         0      
       div0.asm.obj                   2      0         0      
    +--+------------------------------+------+---------+---------+
       Total:                         472    0         0      
                                                              
       Stack:                         0      0         512    
       Linker Generated:              0      23        0      
    +--+------------------------------+------+---------+---------+
       Grand Total:                   3134   857       517    


LINKER GENERATED COPY TABLES

__TI_cinit_table @ 00000f98 records: 1, size/record: 8, table size: 8
	.data: load addr=00000f90, load size=00000007 bytes, run addr=20000200, run size=00000005 bytes, compression=lzss


LINKER GENERATED HANDLER TABLE

__TI_handler_table @ 00000f88 records: 2, size/record: 4, table size: 8
	index: 0, handler: __TI_decompress_lzss
	index: 1, handler: __TI_decompress_none


GLOBAL SYMBOLS: SORTED ALPHABETICALLY BY Name 

address   name                          
-------   ----                          
00000ea9  C$$EXIT                       
00000dd5  GPIODirModeSet                
00000709  GPIOPadConfigSet              
00000c1d  GPIOPinConfigure              
00000e8d  GPIOPinRead                   
00000e21  GPIOPinTypeGPIOOutput         
00000e4d  GPIOPinTypeUART               
00000e93  GPIOPinWrite                  
00000931  InitConsole                   
00000e6d  ResetISR                      
0000083d  SysCtlClockSet                
00000e99  SysCtlDelay                   
00000da1  SysCtlPeripheralEnable        
00000d31  SysCtlPeripheralPresent       
00000e79  UARTCharGet                   
00000e83  UARTCharPut                   
00000e9f  UARTClockSourceSet            
00000c65  UARTConfigSetExpClk           
00000e01  UARTDisable                   
00000e39  UARTEnable                    
0000026d  UARTStdioConfig               
000003b3  UARTgetc                      
000002f9  UARTgets                      
000006d3  UARTprintf                    
000003d9  UARTvprintf                   
000002b3  UARTwrite                     
20000200  __STACK_END                   
00000200  __STACK_SIZE                  
20000200  __STACK_TOP                   
00000f98  __TI_CINIT_Base               
00000fa0  __TI_CINIT_Limit              
00000f88  __TI_Handler_Table_Base       
00000f90  __TI_Handler_Table_Limit      
00000cad  __TI_auto_init_nobinit_nopinit
00000b55  __TI_decompress_lzss          
00000e5f  __TI_decompress_none          
ffffffff  __TI_pprof_out_hndl           
ffffffff  __TI_prof_data_size           
ffffffff  __TI_prof_data_start          
00000000  __TI_static_base__            
00000cab  __aeabi_idiv0                 
00000cab  __aeabi_ldiv0                 
00000a1d  __aeabi_memcpy                
00000a1d  __aeabi_memcpy4               
00000a1d  __aeabi_memcpy8               
00000cf1  __aeabi_uidiv                 
00000cf1  __aeabi_uidivmod              
ffffffff  __binit__                     
ffffffff  __c_args__                    
UNDEFED   __mpu_init                    
20000000  __stack                       
00000d69  _c_int00_noargs               
UNDEFED   _system_post_cinit            
00000ea5  _system_pre_init              
00000ea9  abort                         
ffffffff  binit                         
00000000  g_pfnVectors                  
00000bcf  ledControl                    
00000bbd  ledInit                       
00000f74  ledPin                        
0000083b  ledRedStateMachineUpdate      
0000099b  main                          
00000a1d  memcpy                        
0000096d  setupSystem                   
00000ab9  switchInit                    
00000b01  switchState                   


GLOBAL SYMBOLS: SORTED BY Symbol Address 

address   name                          
-------   ----                          
00000000  __TI_static_base__            
00000000  g_pfnVectors                  
00000200  __STACK_SIZE                  
0000026d  UARTStdioConfig               
000002b3  UARTwrite                     
000002f9  UARTgets                      
000003b3  UARTgetc                      
000003d9  UARTvprintf                   
000006d3  UARTprintf                    
00000709  GPIOPadConfigSet              
0000083b  ledRedStateMachineUpdate      
0000083d  SysCtlClockSet                
00000931  InitConsole                   
0000096d  setupSystem                   
0000099b  main                          
00000a1d  __aeabi_memcpy                
00000a1d  __aeabi_memcpy4               
00000a1d  __aeabi_memcpy8               
00000a1d  memcpy                        
00000ab9  switchInit                    
00000b01  switchState                   
00000b55  __TI_decompress_lzss          
00000bbd  ledInit                       
00000bcf  ledControl                    
00000c1d  GPIOPinConfigure              
00000c65  UARTConfigSetExpClk           
00000cab  __aeabi_idiv0                 
00000cab  __aeabi_ldiv0                 
00000cad  __TI_auto_init_nobinit_nopinit
00000cf1  __aeabi_uidiv                 
00000cf1  __aeabi_uidivmod              
00000d31  SysCtlPeripheralPresent       
00000d69  _c_int00_noargs               
00000da1  SysCtlPeripheralEnable        
00000dd5  GPIODirModeSet                
00000e01  UARTDisable                   
00000e21  GPIOPinTypeGPIOOutput         
00000e39  UARTEnable                    
00000e4d  GPIOPinTypeUART               
00000e5f  __TI_decompress_none          
00000e6d  ResetISR                      
00000e79  UARTCharGet                   
00000e83  UARTCharPut                   
00000e8d  GPIOPinRead                   
00000e93  GPIOPinWrite                  
00000e99  SysCtlDelay                   
00000e9f  UARTClockSourceSet            
00000ea5  _system_pre_init              
00000ea9  C$$EXIT                       
00000ea9  abort                         
00000f74  ledPin                        
00000f88  __TI_Handler_Table_Base       
00000f90  __TI_Handler_Table_Limit      
00000f98  __TI_CINIT_Base               
00000fa0  __TI_CINIT_Limit              
20000000  __stack                       
20000200  __STACK_END                   
20000200  __STACK_TOP                   
ffffffff  __TI_pprof_out_hndl           
ffffffff  __TI_prof_data_size           
ffffffff  __TI_prof_data_start          
ffffffff  __binit__                     
ffffffff  __c_args__                    
ffffffff  binit                         
UNDEFED   __mpu_init                    
UNDEFED   _system_post_cinit            

[66 symbols]
