******************************************************************************
                  TI ARM Linker Unix v18.1.1                   
******************************************************************************
>> Linked Sat Apr  7 09:09:12 2018

OUTPUT FILE NAME:   <example11-Sheduler.out>
ENTRY POINT SYMBOL: "_c_int00_noargs"  address: 00001321


MEMORY CONFIGURATION

         name            origin    length      used     unused   attr    fill
----------------------  --------  ---------  --------  --------  ----  --------
  FLASH                 00000000   00040000  0000171e  0003e8e2  R  X
  SRAM                  20000000   00008000  00000278  00007d88  RW X


SEGMENT ALLOCATION MAP

run origin  load origin   length   init length attrs members
----------  ----------- ---------- ----------- ----- -------
00000000    00000000    00001720   00001720    r-x
  00000000    00000000    0000026c   0000026c    r-- .intvecs
  0000026c    0000026c    00001242   00001242    r-x .text
  000014b0    000014b0    00000200   00000200    r-- .const
  000016b0    000016b0    00000070   00000070    r-- .cinit
20000000    20000000    00000278   00000000    rw-
  20000000    20000000    00000200   00000000    rw- .stack
  20000200    20000200    00000074   00000000    rw- .data
  20000274    20000274    00000004   00000000    rw- .bss


SECTION ALLOCATION MAP

 output                                  attributes/
section   page    origin      length       input sections
--------  ----  ----------  ----------   ----------------
.intvecs   0    00000000    0000026c     
                  00000000    0000026c     tm4c123gh6pm_startup_ccs.obj (.intvecs)

.text      0    0000026c    00001242     
                  0000026c    0000049c     uartstdio.obj (.text)
                  00000708    00000210     ledGreenStateMachine.obj (.text)
                  00000918    0000015c     scheduler.obj (.text)
                  00000a74    00000138     ledRedStateMachine.obj (.text)
                  00000bac    00000132     driverlib.lib : gpio.obj (.text:GPIOPadConfigSet)
                  00000cde    00000002     rtsv7M4_T_le_v4SPD16_eabi.lib : div0.asm.obj (.text)
                  00000ce0    00000110     driverlib.lib : sysctl.obj (.text:SysCtlClockGet)
                  00000df0    000000f4                   : sysctl.obj (.text:SysCtlClockSet)
                  00000ee4    000000f0     main.obj (.text)
                  00000fd4    0000009c     rtsv7M4_T_le_v4SPD16_eabi.lib : memcpy_t2.asm.obj (.text)
                  00001070    0000009c     switches.obj (.text)
                  0000110c    00000068     rtsv7M4_T_le_v4SPD16_eabi.lib : copy_decompress_lzss.c.obj (.text:decompress:lzss:__TI_decompress_lzss)
                  00001174    00000060     led.obj (.text)
                  000011d4    00000048     driverlib.lib : gpio.obj (.text:GPIOPinConfigure)
                  0000121c    00000046                   : uart.obj (.text:UARTConfigSetExpClk)
                  00001262    00000002     --HOLE-- [fill = 0]
                  00001264    00000044     rtsv7M4_T_le_v4SPD16_eabi.lib : autoinit.c.obj (.text:__TI_auto_init_nobinit_nopinit:__TI_auto_init_nobinit_nopinit)
                  000012a8    00000040                                   : u_divt2.asm.obj (.text)
                  000012e8    00000038     driverlib.lib : sysctl.obj (.text:SysCtlPeripheralPresent)
                  00001320    00000038     rtsv7M4_T_le_v4SPD16_eabi.lib : boot_cortex_m.c.obj (.text:_c_int00_noargs:_c_int00_noargs)
                  00001358    00000034     driverlib.lib : sysctl.obj (.text:SysCtlPeripheralEnable)
                  0000138c    0000002a                   : gpio.obj (.text:GPIODirModeSet)
                  000013b6    00000002     --HOLE-- [fill = 0]
                  000013b8    00000020                   : uart.obj (.text:UARTDisable)
                  000013d8    00000018                   : gpio.obj (.text:GPIOPinTypeGPIOOutput)
                  000013f0    00000014                   : systick.obj (.text:SysTickEnable)
                  00001404    00000014                   : systick.obj (.text:SysTickIntEnable)
                  00001418    00000014                   : uart.obj (.text:UARTEnable)
                  0000142c    00000012                   : gpio.obj (.text:GPIOPinTypeUART)
                  0000143e    00000012     rtsv7M4_T_le_v4SPD16_eabi.lib : copy_zero_init.c.obj (.text:decompress:ZI:__TI_zero_init_nomemset:__TI_zero_init_nomemset)
                  00001450    00000010     driverlib.lib : systick.obj (.text:SysTickPeriodSet)
                  00001460    0000000e     rtsv7M4_T_le_v4SPD16_eabi.lib : copy_decompress_none.c.obj (.text:decompress:none:__TI_decompress_none)
                  0000146e    0000000c     tm4c123gh6pm_startup_ccs.obj (.text)
                  0000147a    0000000a     driverlib.lib : uart.obj (.text:UARTCharGet)
                  00001484    0000000a                   : uart.obj (.text:UARTCharPut)
                  0000148e    00000006                   : gpio.obj (.text:GPIOPinRead)
                  00001494    00000006                   : gpio.obj (.text:GPIOPinWrite)
                  0000149a    00000006                   : sysctl.obj (.text:SysCtlDelay)
                  000014a0    00000006                   : uart.obj (.text:UARTClockSourceSet)
                  000014a6    00000004     rtsv7M4_T_le_v4SPD16_eabi.lib : pre_init.c.obj (.text:_system_pre_init)
                  000014aa    00000004                                   : exit.c.obj (.text:abort:abort)

.const     0    000014b0    00000200     
                  000014b0    00000090     driverlib.lib : gpio.obj (.const:g_pui32GPIOBaseAddrs)
                  00001540    0000006c                   : sysctl.obj (.const:g_pui32Xtals)
                  000015ac    00000052     ledGreenStateMachine.obj (.const:.string)
                  000015fe    00000002     --HOLE-- [fill = 0]
                  00001600    00000038     ledRedStateMachine.obj (.const:.string)
                  00001638    00000019     ledRedStateMachine.obj (.const:.string:$P$T0$1)
                  00001651    00000014     ledGreenStateMachine.obj (.const:.string:$P$T0$1)
                  00001665    00000003     --HOLE-- [fill = 0]
                  00001668    00000012     uartstdio.obj (.const:.string)
                  0000167a    0000000c     main.obj (.const:.string:$P$T0$1)
                  00001686    00000002     --HOLE-- [fill = 0]
                  00001688    0000000c     uartstdio.obj (.const:g_ui32UARTBase)
                  00001694    0000000c     uartstdio.obj (.const:g_ui32UARTPeriph)
                  000016a0    0000000c     led.obj (.const:ledPin)
                  000016ac    00000004     uartstdio.obj (.const)

.cinit     0    000016b0    00000070     
                  000016b0    0000004c     (.cinit..data.load) [load image, compression = lzss]
                  000016fc    0000000c     (__TI_handler_table)
                  00001708    00000008     (.cinit..bss.load) [load image, compression = zero_init]
                  00001710    00000010     (__TI_cinit_table)

.init_array 
*          0    00000000    00000000     UNINITIALIZED

.data      0    20000200    00000074     UNINITIALIZED
                  20000200    00000028     task.obj (.data:g_psSchedulerTable)
                  20000228    00000018     ledGreenStateMachine.obj (.data:stateName)
                  20000240    00000010     ledRedStateMachine.obj (.data:stateName)
                  20000250    0000000c     ledRedStateMachine.obj (.data)
                  2000025c    00000009     ledGreenStateMachine.obj (.data)
                  20000265    00000003     --HOLE--
                  20000268    00000005     uartstdio.obj (.data)
                  2000026d    00000003     --HOLE--
                  20000270    00000004     task.obj (.data)

.bss       0    20000274    00000004     UNINITIALIZED
                  20000274    00000004     scheduler.obj (.bss)

.stack     0    20000000    00000200     UNINITIALIZED
                  20000000    00000004     rtsv7M4_T_le_v4SPD16_eabi.lib : boot_cortex_m.c.obj (.stack)
                  20000004    000001fc     --HOLE--

MODULE SUMMARY

       Module                         code   ro data   rw data
       ------                         ----   -------   -------
    ./
       uartstdio.obj                  1180   46        5      
       ledGreenStateMachine.obj       528    102       33     
       tm4c123gh6pm_startup_ccs.obj   12     620       0      
       ledRedStateMachine.obj         312    81        28     
       scheduler.obj                  348    0         4      
       main.obj                       240    12        0      
       switches.obj                   156    0         0      
       led.obj                        96     12        0      
       task.obj                       0      0         44     
    +--+------------------------------+------+---------+---------+
       Total:                         2872   873       114    
                                                              
    /home/antiaegis/ti/SW-TM4C-2.1.4.178/driverlib/ccs/Debug/driverlib.lib
       sysctl.obj                     630    108       0      
       gpio.obj                       474    144       0      
       uart.obj                       148    0         0      
       systick.obj                    56     0         0      
    +--+------------------------------+------+---------+---------+
       Total:                         1308   252       0      
                                                              
    /home/antiaegis/ti/ccsv8/tools/compiler/ti-cgt-arm_18.1.1.LTS/lib/rtsv7M4_T_le_v4SPD16_eabi.lib
       memcpy_t2.asm.obj              156    0         0      
       copy_decompress_lzss.c.obj     104    0         0      
       autoinit.c.obj                 68     0         0      
       u_divt2.asm.obj                64     0         0      
       boot_cortex_m.c.obj            56     0         0      
       copy_zero_init.c.obj           18     0         0      
       copy_decompress_none.c.obj     14     0         0      
       exit.c.obj                     4      0         0      
       pre_init.c.obj                 4      0         0      
       div0.asm.obj                   2      0         0      
    +--+------------------------------+------+---------+---------+
       Total:                         490    0         0      
                                                              
       Stack:                         0      0         512    
       Linker Generated:              0      112       0      
    +--+------------------------------+------+---------+---------+
       Grand Total:                   4670   1237      626    


LINKER GENERATED COPY TABLES

__TI_cinit_table @ 00001710 records: 2, size/record: 8, table size: 16
	.data: load addr=000016b0, load size=0000004c bytes, run addr=20000200, run size=00000074 bytes, compression=lzss
	.bss: load addr=00001708, load size=00000008 bytes, run addr=20000274, run size=00000004 bytes, compression=zero_init


LINKER GENERATED HANDLER TABLE

__TI_handler_table @ 000016fc records: 3, size/record: 4, table size: 12
	index: 0, handler: __TI_decompress_lzss
	index: 1, handler: __TI_decompress_none
	index: 2, handler: __TI_zero_init


GLOBAL SYMBOLS: SORTED ALPHABETICALLY BY Name 

address   name                          
-------   ----                          
000014ab  C$$EXIT                       
0000138d  GPIODirModeSet                
00000bad  GPIOPadConfigSet              
000011d5  GPIOPinConfigure              
0000148f  GPIOPinRead                   
000013d9  GPIOPinTypeGPIOOutput         
0000142d  GPIOPinTypeUART               
00001495  GPIOPinWrite                  
00000ee5  InitConsole                   
0000146f  ResetISR                      
00000a37  SchedulerElapsedTicksCalc     
00000a27  SchedulerElapsedTicksGet      
00000931  SchedulerInit                 
0000094d  SchedulerRun                  
00000919  SchedulerSysTickIntHandler    
000009ff  SchedulerTaskDisable          
000009a7  SchedulerTaskEnable           
00000a21  SchedulerTickCountGet         
00000ce1  SysCtlClockGet                
00000df1  SysCtlClockSet                
0000149b  SysCtlDelay                   
00001359  SysCtlPeripheralEnable        
000012e9  SysCtlPeripheralPresent       
000013f1  SysTickEnable                 
00001405  SysTickIntEnable              
00001451  SysTickPeriodSet              
0000147b  UARTCharGet                   
00001485  UARTCharPut                   
000014a1  UARTClockSourceSet            
0000121d  UARTConfigSetExpClk           
000013b9  UARTDisable                   
00001419  UARTEnable                    
0000026d  UARTStdioConfig               
000003b3  UARTgetc                      
000002f9  UARTgets                      
000006d3  UARTprintf                    
000003d9  UARTvprintf                   
000002b3  UARTwrite                     
20000200  __STACK_END                   
00000200  __STACK_SIZE                  
20000200  __STACK_TOP                   
00001710  __TI_CINIT_Base               
00001720  __TI_CINIT_Limit              
000016fc  __TI_Handler_Table_Base       
00001708  __TI_Handler_Table_Limit      
00001265  __TI_auto_init_nobinit_nopinit
0000110d  __TI_decompress_lzss          
00001461  __TI_decompress_none          
ffffffff  __TI_pprof_out_hndl           
ffffffff  __TI_prof_data_size           
ffffffff  __TI_prof_data_start          
00000000  __TI_static_base__            
0000143f  __TI_zero_init_nomemset       
00000cdf  __aeabi_idiv0                 
00000cdf  __aeabi_ldiv0                 
00000fd5  __aeabi_memcpy                
00000fd5  __aeabi_memcpy4               
00000fd5  __aeabi_memcpy8               
000012a9  __aeabi_uidiv                 
000012a9  __aeabi_uidivmod              
ffffffff  __binit__                     
ffffffff  __c_args__                    
UNDEFED   __mpu_init                    
20000000  __stack                       
00001321  _c_int00_noargs               
UNDEFED   _system_post_cinit            
000014a7  _system_pre_init              
000014ab  abort                         
ffffffff  binit                         
00000000  g_pfnVectors                  
20000200  g_psSchedulerTable            
20000270  g_ui32SchedulerNumTasks       
00001187  ledControl                    
2000025c  ledGTimer                     
000008c5  ledGreenTask                  
00001175  ledInit                       
000016a0  ledPin                        
00000b63  ledRedTask                    
00000f57  main                          
00000fd5  memcpy                        
00000f21  setupSystem                   
00001071  switchInit                    
000010b9  switchState                   
20000260  taskgreenledcounter           
20000258  taskredledFlag                
20000254  taskredledcounter             


GLOBAL SYMBOLS: SORTED BY Symbol Address 

address   name                          
-------   ----                          
00000000  __TI_static_base__            
00000000  g_pfnVectors                  
00000200  __STACK_SIZE                  
0000026d  UARTStdioConfig               
000002b3  UARTwrite                     
000002f9  UARTgets                      
000003b3  UARTgetc                      
000003d9  UARTvprintf                   
000006d3  UARTprintf                    
000008c5  ledGreenTask                  
00000919  SchedulerSysTickIntHandler    
00000931  SchedulerInit                 
0000094d  SchedulerRun                  
000009a7  SchedulerTaskEnable           
000009ff  SchedulerTaskDisable          
00000a21  SchedulerTickCountGet         
00000a27  SchedulerElapsedTicksGet      
00000a37  SchedulerElapsedTicksCalc     
00000b63  ledRedTask                    
00000bad  GPIOPadConfigSet              
00000cdf  __aeabi_idiv0                 
00000cdf  __aeabi_ldiv0                 
00000ce1  SysCtlClockGet                
00000df1  SysCtlClockSet                
00000ee5  InitConsole                   
00000f21  setupSystem                   
00000f57  main                          
00000fd5  __aeabi_memcpy                
00000fd5  __aeabi_memcpy4               
00000fd5  __aeabi_memcpy8               
00000fd5  memcpy                        
00001071  switchInit                    
000010b9  switchState                   
0000110d  __TI_decompress_lzss          
00001175  ledInit                       
00001187  ledControl                    
000011d5  GPIOPinConfigure              
0000121d  UARTConfigSetExpClk           
00001265  __TI_auto_init_nobinit_nopinit
000012a9  __aeabi_uidiv                 
000012a9  __aeabi_uidivmod              
000012e9  SysCtlPeripheralPresent       
00001321  _c_int00_noargs               
00001359  SysCtlPeripheralEnable        
0000138d  GPIODirModeSet                
000013b9  UARTDisable                   
000013d9  GPIOPinTypeGPIOOutput         
000013f1  SysTickEnable                 
00001405  SysTickIntEnable              
00001419  UARTEnable                    
0000142d  GPIOPinTypeUART               
0000143f  __TI_zero_init_nomemset       
00001451  SysTickPeriodSet              
00001461  __TI_decompress_none          
0000146f  ResetISR                      
0000147b  UARTCharGet                   
00001485  UARTCharPut                   
0000148f  GPIOPinRead                   
00001495  GPIOPinWrite                  
0000149b  SysCtlDelay                   
000014a1  UARTClockSourceSet            
000014a7  _system_pre_init              
000014ab  C$$EXIT                       
000014ab  abort                         
000016a0  ledPin                        
000016fc  __TI_Handler_Table_Base       
00001708  __TI_Handler_Table_Limit      
00001710  __TI_CINIT_Base               
00001720  __TI_CINIT_Limit              
20000000  __stack                       
20000200  __STACK_END                   
20000200  __STACK_TOP                   
20000200  g_psSchedulerTable            
20000254  taskredledcounter             
20000258  taskredledFlag                
2000025c  ledGTimer                     
20000260  taskgreenledcounter           
20000270  g_ui32SchedulerNumTasks       
ffffffff  __TI_pprof_out_hndl           
ffffffff  __TI_prof_data_size           
ffffffff  __TI_prof_data_start          
ffffffff  __binit__                     
ffffffff  __c_args__                    
ffffffff  binit                         
UNDEFED   __mpu_init                    
UNDEFED   _system_post_cinit            

[86 symbols]
