******************************************************************************
                  TI ARM Linker Unix v18.1.1                   
******************************************************************************
>> Linked Thu Apr 12 13:58:11 2018

OUTPUT FILE NAME:   <example12-UART-SW.out>
ENTRY POINT SYMBOL: "_c_int00_noargs"  address: 00001315


MEMORY CONFIGURATION

         name            origin    length      used     unused   attr    fill
----------------------  --------  ---------  --------  --------  ----  --------
  FLASH                 00000000   00040000  0000177c  0003e884  R  X
  SRAM                  20000000   00008000  000002a4  00007d5c  RW X


SEGMENT ALLOCATION MAP

run origin  load origin   length   init length attrs members
----------  ----------- ---------- ----------- ----- -------
00000000    00000000    00001780   00001780    r-x
  00000000    00000000    0000026c   0000026c    r-- .intvecs
  0000026c    0000026c    0000129c   0000129c    r-x .text
  00001508    00001508    00000214   00000214    r-- .const
  00001720    00001720    00000060   00000060    r-- .cinit
20000000    20000000    000002a4   00000000    rw-
  20000000    20000000    00000200   00000000    rw- .stack
  20000200    20000200    00000058   00000000    rw- .data
  20000258    20000258    0000004c   00000000    rw- .bss


SECTION ALLOCATION MAP

 output                                  attributes/
section   page    origin      length       input sections
--------  ----  ----------  ----------   ----------------
.intvecs   0    00000000    0000026c     
                  00000000    0000026c     tm4c123gh6pm_startup_ccs.obj (.intvecs)

.text      0    0000026c    0000129c     
                  0000026c    0000049c     uartstdio.obj (.text)
                  00000708    00000198     ledGreenStateMachine.obj (.text)
                  000008a0    0000014c     scheduler.obj (.text)
                  000009ec    00000132     driverlib.lib : gpio.obj (.text:GPIOPadConfigSet)
                  00000b1e    00000002     rtsv7M4_T_le_v4SPD16_eabi.lib : div0.asm.obj (.text)
                  00000b20    00000110     driverlib.lib : sysctl.obj (.text:SysCtlClockGet)
                  00000c30    00000100     main.obj (.text)
                  00000d30    000000f4     driverlib.lib : sysctl.obj (.text:SysCtlClockSet)
                  00000e24    000000d4     ledRedStateMachine.obj (.text)
                  00000ef8    0000009c     rtsv7M4_T_le_v4SPD16_eabi.lib : memcpy_t2.asm.obj (.text)
                  00000f94    0000009c     switches.obj (.text)
                  00001030    00000068     driverlib.lib : interrupt.obj (.text:IntDisable)
                  00001098    00000068                   : interrupt.obj (.text:IntEnable)
                  00001100    00000068     rtsv7M4_T_le_v4SPD16_eabi.lib : copy_decompress_lzss.c.obj (.text:decompress:lzss:__TI_decompress_lzss)
                  00001168    00000060     led.obj (.text)
                  000011c8    00000048     driverlib.lib : gpio.obj (.text:GPIOPinConfigure)
                  00001210    00000046                   : uart.obj (.text:UARTConfigSetExpClk)
                  00001256    00000002     --HOLE-- [fill = 0]
                  00001258    00000044     rtsv7M4_T_le_v4SPD16_eabi.lib : autoinit.c.obj (.text:__TI_auto_init_nobinit_nopinit:__TI_auto_init_nobinit_nopinit)
                  0000129c    00000040                                   : u_divt2.asm.obj (.text)
                  000012dc    00000038     driverlib.lib : sysctl.obj (.text:SysCtlPeripheralPresent)
                  00001314    00000038     rtsv7M4_T_le_v4SPD16_eabi.lib : boot_cortex_m.c.obj (.text:_c_int00_noargs:_c_int00_noargs)
                  0000134c    00000034     driverlib.lib : sysctl.obj (.text:SysCtlPeripheralEnable)
                  00001380    0000002a                   : gpio.obj (.text:GPIODirModeSet)
                  000013aa    00000002     --HOLE-- [fill = 0]
                  000013ac    00000020                   : uart.obj (.text:UARTDisable)
                  000013cc    00000018                   : gpio.obj (.text:GPIOPinTypeGPIOOutput)
                  000013e4    00000018     rtsv7M4_T_le_v4SPD16_eabi.lib : strcmp.c.obj (.text:strcmp)
                  000013fc    00000014     driverlib.lib : systick.obj (.text:SysTickEnable)
                  00001410    00000014                   : systick.obj (.text:SysTickIntEnable)
                  00001424    00000014                   : uart.obj (.text:UARTEnable)
                  00001438    00000012                   : gpio.obj (.text:GPIOPinTypeUART)
                  0000144a    00000012     rtsv7M4_T_le_v4SPD16_eabi.lib : copy_zero_init.c.obj (.text:decompress:ZI:__TI_zero_init_nomemset:__TI_zero_init_nomemset)
                  0000145c    00000010     driverlib.lib : interrupt.obj (.text:IntMasterEnable)
                  0000146c    00000010                   : systick.obj (.text:SysTickPeriodSet)
                  0000147c    0000000e                   : uart.obj (.text:UARTCharGetNonBlocking)
                  0000148a    0000000e                   : uart.obj (.text:UARTCharsAvail)
                  00001498    0000000e     rtsv7M4_T_le_v4SPD16_eabi.lib : copy_decompress_none.c.obj (.text:decompress:none:__TI_decompress_none)
                  000014a6    0000000c     driverlib.lib : cpu.obj (.text:CPUcpsie)
                  000014b2    0000000c     tm4c123gh6pm_startup_ccs.obj (.text)
                  000014be    0000000a     driverlib.lib : uart.obj (.text:UARTCharGet)
                  000014c8    0000000a                   : uart.obj (.text:UARTCharPut)
                  000014d2    0000000a                   : uart.obj (.text:UARTIntStatus)
                  000014dc    00000008                   : uart.obj (.text:UARTIntEnable)
                  000014e4    00000006                   : gpio.obj (.text:GPIOPinRead)
                  000014ea    00000006                   : gpio.obj (.text:GPIOPinWrite)
                  000014f0    00000006                   : sysctl.obj (.text:SysCtlDelay)
                  000014f6    00000006                   : uart.obj (.text:UARTClockSourceSet)
                  000014fc    00000004                   : uart.obj (.text:UARTIntClear)
                  00001500    00000004     rtsv7M4_T_le_v4SPD16_eabi.lib : pre_init.c.obj (.text:_system_pre_init)
                  00001504    00000004                                   : exit.c.obj (.text:abort:abort)

.const     0    00001508    00000214     
                  00001508    00000090     driverlib.lib : gpio.obj (.const:g_pui32GPIOBaseAddrs)
                  00001598    00000070                   : interrupt.obj (.const)
                  00001608    0000006c                   : sysctl.obj (.const:g_pui32Xtals)
                  00001674    0000001e     ledGreenStateMachine.obj (.const:.string)
                  00001692    00000019     ledRedStateMachine.obj (.const:.string:$P$T0$1)
                  000016ab    00000001     --HOLE-- [fill = 0]
                  000016ac    00000018     ledRedStateMachine.obj (.const:.string)
                  000016c4    00000012     uartstdio.obj (.const:.string)
                  000016d6    0000000f     ledGreenStateMachine.obj (.const:.string:$P$T0$1)
                  000016e5    0000000c     main.obj (.const:.string:$P$T0$1)
                  000016f1    00000003     --HOLE-- [fill = 0]
                  000016f4    0000000c     uartstdio.obj (.const:g_ui32UARTBase)
                  00001700    0000000c     uartstdio.obj (.const:g_ui32UARTPeriph)
                  0000170c    0000000c     led.obj (.const:ledPin)
                  00001718    00000004     uartstdio.obj (.const)

.cinit     0    00001720    00000060     
                  00001720    00000037     (.cinit..data.load) [load image, compression = lzss]
                  00001757    00000001     --HOLE-- [fill = 0]
                  00001758    0000000c     (__TI_handler_table)
                  00001764    00000004     --HOLE-- [fill = 0]
                  00001768    00000008     (.cinit..bss.load) [load image, compression = zero_init]
                  00001770    00000010     (__TI_cinit_table)

.init_array 
*          0    00000000    00000000     UNINITIALIZED

.data      0    20000200    00000058     UNINITIALIZED
                  20000200    00000028     task.obj (.data:g_psSchedulerTable)
                  20000228    0000000c     ledRedStateMachine.obj (.data)
                  20000234    00000008     ledGreenStateMachine.obj (.data)
                  2000023c    00000008     ledGreenStateMachine.obj (.data:stateName)
                  20000244    00000008     ledRedStateMachine.obj (.data:stateName)
                  2000024c    00000005     uartstdio.obj (.data)
                  20000251    00000003     --HOLE--
                  20000254    00000004     task.obj (.data)

.bss       0    20000258    0000004c     UNINITIALIZED
                  20000258    00000040     (.common:buffer)
                  20000298    00000004     scheduler.obj (.bss)
                  2000029c    00000004     (.common:flg_CRLF)
                  200002a0    00000004     (.common:pBuffer)

.stack     0    20000000    00000200     UNINITIALIZED
                  20000000    00000004     rtsv7M4_T_le_v4SPD16_eabi.lib : boot_cortex_m.c.obj (.stack)
                  20000004    000001fc     --HOLE--

MODULE SUMMARY

       Module                         code   ro data   rw data
       ------                         ----   -------   -------
    ./
       uartstdio.obj                  1180   46        5      
       tm4c123gh6pm_startup_ccs.obj   12     620       0      
       ledGreenStateMachine.obj       408    45        88     
       scheduler.obj                  332    0         4      
       ledRedStateMachine.obj         212    49        20     
       main.obj                       256    12        0      
       switches.obj                   156    0         0      
       led.obj                        96     12        0      
       task.obj                       0      0         44     
    +--+------------------------------+------+---------+---------+
       Total:                         2652   784       161    
                                                              
    /home/antiaegis/ti/SW-TM4C-2.1.4.178/driverlib/ccs/Debug/driverlib.lib
       sysctl.obj                     630    108       0      
       gpio.obj                       474    144       0      
       interrupt.obj                  224    112       0      
       uart.obj                       198    0         0      
       systick.obj                    56     0         0      
       cpu.obj                        12     0         0      
    +--+------------------------------+------+---------+---------+
       Total:                         1594   364       0      
                                                              
    /home/antiaegis/ti/ccsv8/tools/compiler/ti-cgt-arm_18.1.1.LTS/lib/rtsv7M4_T_le_v4SPD16_eabi.lib
       memcpy_t2.asm.obj              156    0         0      
       copy_decompress_lzss.c.obj     104    0         0      
       autoinit.c.obj                 68     0         0      
       u_divt2.asm.obj                64     0         0      
       boot_cortex_m.c.obj            56     0         0      
       strcmp.c.obj                   24     0         0      
       copy_zero_init.c.obj           18     0         0      
       copy_decompress_none.c.obj     14     0         0      
       exit.c.obj                     4      0         0      
       pre_init.c.obj                 4      0         0      
       div0.asm.obj                   2      0         0      
    +--+------------------------------+------+---------+---------+
       Total:                         514    0         0      
                                                              
       Stack:                         0      0         512    
       Linker Generated:              0      91        0      
    +--+------------------------------+------+---------+---------+
       Grand Total:                   4760   1239      673    


LINKER GENERATED COPY TABLES

__TI_cinit_table @ 00001770 records: 2, size/record: 8, table size: 16
	.data: load addr=00001720, load size=00000037 bytes, run addr=20000200, run size=00000058 bytes, compression=lzss
	.bss: load addr=00001768, load size=00000008 bytes, run addr=20000258, run size=0000004c bytes, compression=zero_init


LINKER GENERATED HANDLER TABLE

__TI_handler_table @ 00001758 records: 3, size/record: 4, table size: 12
	index: 0, handler: __TI_decompress_lzss
	index: 1, handler: __TI_decompress_none
	index: 2, handler: __TI_zero_init


GLOBAL SYMBOLS: SORTED ALPHABETICALLY BY Name 

address   name                          
-------   ----                          
00001505  C$$EXIT                       
000014a7  CPUcpsie                      
00001381  GPIODirModeSet                
000009ed  GPIOPadConfigSet              
000011c9  GPIOPinConfigure              
000014e5  GPIOPinRead                   
000013cd  GPIOPinTypeGPIOOutput         
00001439  GPIOPinTypeUART               
000014eb  GPIOPinWrite                  
00000c31  InitConsole                   
00001031  IntDisable                    
00001099  IntEnable                     
0000145d  IntMasterEnable               
000014b3  ResetISR                      
000009b1  SchedulerElapsedTicksCalc     
000009a1  SchedulerElapsedTicksGet      
000008ab  SchedulerInit                 
000008c7  SchedulerRun                  
000008a1  SchedulerSysTickIntHandler    
00000979  SchedulerTaskDisable          
00000921  SchedulerTaskEnable           
0000099b  SchedulerTickCountGet         
00000b21  SysCtlClockGet                
00000d31  SysCtlClockSet                
000014f1  SysCtlDelay                   
0000134d  SysCtlPeripheralEnable        
000012dd  SysCtlPeripheralPresent       
000013fd  SysTickEnable                 
00001411  SysTickIntEnable              
0000146d  SysTickPeriodSet              
000014bf  UARTCharGet                   
0000147d  UARTCharGetNonBlocking        
000014c9  UARTCharPut                   
0000148b  UARTCharsAvail                
000014f7  UARTClockSourceSet            
00001211  UARTConfigSetExpClk           
000013ad  UARTDisable                   
00001425  UARTEnable                    
000014fd  UARTIntClear                  
000014dd  UARTIntEnable                 
00000709  UARTIntHandler                
000014d3  UARTIntStatus                 
0000026d  UARTStdioConfig               
000003b3  UARTgetc                      
000002f9  UARTgets                      
000006d3  UARTprintf                    
000003d9  UARTvprintf                   
000002b3  UARTwrite                     
20000200  __STACK_END                   
00000200  __STACK_SIZE                  
20000200  __STACK_TOP                   
00001770  __TI_CINIT_Base               
00001780  __TI_CINIT_Limit              
00001758  __TI_Handler_Table_Base       
00001764  __TI_Handler_Table_Limit      
00001259  __TI_auto_init_nobinit_nopinit
00001101  __TI_decompress_lzss          
00001499  __TI_decompress_none          
ffffffff  __TI_pprof_out_hndl           
ffffffff  __TI_prof_data_size           
ffffffff  __TI_prof_data_start          
00000000  __TI_static_base__            
0000144b  __TI_zero_init_nomemset       
00000b1f  __aeabi_idiv0                 
00000b1f  __aeabi_ldiv0                 
00000ef9  __aeabi_memcpy                
00000ef9  __aeabi_memcpy4               
00000ef9  __aeabi_memcpy8               
0000129d  __aeabi_uidiv                 
0000129d  __aeabi_uidivmod              
ffffffff  __binit__                     
ffffffff  __c_args__                    
UNDEFED   __mpu_init                    
20000000  __stack                       
00001315  _c_int00_noargs               
UNDEFED   _system_post_cinit            
00001501  _system_pre_init              
00001505  abort                         
ffffffff  binit                         
20000258  buffer                        
000007d3  clearBuffer                   
2000029c  flg_CRLF                      
00000000  g_pfnVectors                  
20000200  g_psSchedulerTable            
20000254  g_ui32SchedulerNumTasks       
0000117b  ledControl                    
00000821  ledGreenTask                  
00001169  ledInit                       
0000170c  ledPin                        
00000eaf  ledRedTask                    
00000cb5  main                          
00000ef9  memcpy                        
200002a0  pBuffer                       
0000076f  processCommand                
00000c7f  setupSystem                   
000013e5  strcmp                        
00000f95  switchInit                    
00000fdd  switchState                   
20000238  taskgreenledcounter           
20000230  taskredledFlag                
2000022c  taskredledcounter             


GLOBAL SYMBOLS: SORTED BY Symbol Address 

address   name                          
-------   ----                          
00000000  __TI_static_base__            
00000000  g_pfnVectors                  
00000200  __STACK_SIZE                  
0000026d  UARTStdioConfig               
000002b3  UARTwrite                     
000002f9  UARTgets                      
000003b3  UARTgetc                      
000003d9  UARTvprintf                   
000006d3  UARTprintf                    
00000709  UARTIntHandler                
0000076f  processCommand                
000007d3  clearBuffer                   
00000821  ledGreenTask                  
000008a1  SchedulerSysTickIntHandler    
000008ab  SchedulerInit                 
000008c7  SchedulerRun                  
00000921  SchedulerTaskEnable           
00000979  SchedulerTaskDisable          
0000099b  SchedulerTickCountGet         
000009a1  SchedulerElapsedTicksGet      
000009b1  SchedulerElapsedTicksCalc     
000009ed  GPIOPadConfigSet              
00000b1f  __aeabi_idiv0                 
00000b1f  __aeabi_ldiv0                 
00000b21  SysCtlClockGet                
00000c31  InitConsole                   
00000c7f  setupSystem                   
00000cb5  main                          
00000d31  SysCtlClockSet                
00000eaf  ledRedTask                    
00000ef9  __aeabi_memcpy                
00000ef9  __aeabi_memcpy4               
00000ef9  __aeabi_memcpy8               
00000ef9  memcpy                        
00000f95  switchInit                    
00000fdd  switchState                   
00001031  IntDisable                    
00001099  IntEnable                     
00001101  __TI_decompress_lzss          
00001169  ledInit                       
0000117b  ledControl                    
000011c9  GPIOPinConfigure              
00001211  UARTConfigSetExpClk           
00001259  __TI_auto_init_nobinit_nopinit
0000129d  __aeabi_uidiv                 
0000129d  __aeabi_uidivmod              
000012dd  SysCtlPeripheralPresent       
00001315  _c_int00_noargs               
0000134d  SysCtlPeripheralEnable        
00001381  GPIODirModeSet                
000013ad  UARTDisable                   
000013cd  GPIOPinTypeGPIOOutput         
000013e5  strcmp                        
000013fd  SysTickEnable                 
00001411  SysTickIntEnable              
00001425  UARTEnable                    
00001439  GPIOPinTypeUART               
0000144b  __TI_zero_init_nomemset       
0000145d  IntMasterEnable               
0000146d  SysTickPeriodSet              
0000147d  UARTCharGetNonBlocking        
0000148b  UARTCharsAvail                
00001499  __TI_decompress_none          
000014a7  CPUcpsie                      
000014b3  ResetISR                      
000014bf  UARTCharGet                   
000014c9  UARTCharPut                   
000014d3  UARTIntStatus                 
000014dd  UARTIntEnable                 
000014e5  GPIOPinRead                   
000014eb  GPIOPinWrite                  
000014f1  SysCtlDelay                   
000014f7  UARTClockSourceSet            
000014fd  UARTIntClear                  
00001501  _system_pre_init              
00001505  C$$EXIT                       
00001505  abort                         
0000170c  ledPin                        
00001758  __TI_Handler_Table_Base       
00001764  __TI_Handler_Table_Limit      
00001770  __TI_CINIT_Base               
00001780  __TI_CINIT_Limit              
20000000  __stack                       
20000200  __STACK_END                   
20000200  __STACK_TOP                   
20000200  g_psSchedulerTable            
2000022c  taskredledcounter             
20000230  taskredledFlag                
20000238  taskgreenledcounter           
20000254  g_ui32SchedulerNumTasks       
20000258  buffer                        
2000029c  flg_CRLF                      
200002a0  pBuffer                       
ffffffff  __TI_pprof_out_hndl           
ffffffff  __TI_prof_data_size           
ffffffff  __TI_prof_data_start          
ffffffff  __binit__                     
ffffffff  __c_args__                    
ffffffff  binit                         
UNDEFED   __mpu_init                    
UNDEFED   _system_post_cinit            

[101 symbols]
