******************************************************************************
                  TI ARM Linker Unix v18.1.1                   
******************************************************************************
>> Linked Thu Apr 12 13:33:19 2018

OUTPUT FILE NAME:   <example08-MultiSM.out>
ENTRY POINT SYMBOL: "_c_int00_noargs"  address: 000011d5


MEMORY CONFIGURATION

         name            origin    length      used     unused   attr    fill
----------------------  --------  ---------  --------  --------  ----  --------
  FLASH                 00000000   00040000  000015b2  0003ea4e  R  X
  SRAM                  20000000   00008000  00000235  00007dcb  RW X


SEGMENT ALLOCATION MAP

run origin  load origin   length   init length attrs members
----------  ----------- ---------- ----------- ----- -------
00000000    00000000    000015b8   000015b8    r-x
  00000000    00000000    0000026c   0000026c    r-- .intvecs
  0000026c    0000026c    00001102   00001102    r-x .text
  00001370    00001370    00000204   00000204    r-- .const
  00001578    00001578    00000040   00000040    r-- .cinit
20000000    20000000    00000235   00000000    rw-
  20000000    20000000    00000200   00000000    rw- .stack
  20000200    20000200    00000035   00000000    rw- .data


SECTION ALLOCATION MAP

 output                                  attributes/
section   page    origin      length       input sections
--------  ----  ----------  ----------   ----------------
.intvecs   0    00000000    0000026c     
                  00000000    0000026c     tm4c123gh6pm_startup_ccs.obj (.intvecs)

.text      0    0000026c    00001102     
                  0000026c    0000049c     uartstdio.obj (.text)
                  00000708    00000204     ledGreenStateMachine.obj (.text)
                  0000090c    00000132     driverlib.lib : gpio.obj (.text:GPIOPadConfigSet)
                  00000a3e    00000002     rtsv7M4_T_le_v4SPD16_eabi.lib : div0.asm.obj (.text)
                  00000a40    00000128     ledRedStateMachine.obj (.text)
                  00000b68    0000011c     main.obj (.text)
                  00000c84    00000110     driverlib.lib : sysctl.obj (.text:SysCtlClockGet)
                  00000d94    000000f4                   : sysctl.obj (.text:SysCtlClockSet)
                  00000e88    0000009c     rtsv7M4_T_le_v4SPD16_eabi.lib : memcpy_t2.asm.obj (.text)
                  00000f24    0000009c     switches.obj (.text)
                  00000fc0    00000068     rtsv7M4_T_le_v4SPD16_eabi.lib : copy_decompress_lzss.c.obj (.text:decompress:lzss:__TI_decompress_lzss)
                  00001028    00000060     led.obj (.text)
                  00001088    00000048     driverlib.lib : gpio.obj (.text:GPIOPinConfigure)
                  000010d0    00000046                   : uart.obj (.text:UARTConfigSetExpClk)
                  00001116    00000002     --HOLE-- [fill = 0]
                  00001118    00000044     rtsv7M4_T_le_v4SPD16_eabi.lib : autoinit.c.obj (.text:__TI_auto_init_nobinit_nopinit:__TI_auto_init_nobinit_nopinit)
                  0000115c    00000040                                   : u_divt2.asm.obj (.text)
                  0000119c    00000038     driverlib.lib : sysctl.obj (.text:SysCtlPeripheralPresent)
                  000011d4    00000038     rtsv7M4_T_le_v4SPD16_eabi.lib : boot_cortex_m.c.obj (.text:_c_int00_noargs:_c_int00_noargs)
                  0000120c    00000034     driverlib.lib : sysctl.obj (.text:SysCtlPeripheralEnable)
                  00001240    0000002a                   : gpio.obj (.text:GPIODirModeSet)
                  0000126a    00000002     --HOLE-- [fill = 0]
                  0000126c    00000020                   : uart.obj (.text:UARTDisable)
                  0000128c    00000018                   : gpio.obj (.text:GPIOPinTypeGPIOOutput)
                  000012a4    00000014                   : systick.obj (.text:SysTickEnable)
                  000012b8    00000014                   : systick.obj (.text:SysTickIntEnable)
                  000012cc    00000014                   : uart.obj (.text:UARTEnable)
                  000012e0    00000012                   : gpio.obj (.text:GPIOPinTypeUART)
                  000012f2    00000010                   : interrupt.obj (.text:IntMasterEnable)
                  00001302    00000002     --HOLE-- [fill = 0]
                  00001304    00000010                   : systick.obj (.text:SysTickPeriodSet)
                  00001314    0000000e     rtsv7M4_T_le_v4SPD16_eabi.lib : copy_decompress_none.c.obj (.text:decompress:none:__TI_decompress_none)
                  00001322    0000000c     driverlib.lib : cpu.obj (.text:CPUcpsie)
                  0000132e    0000000c     tm4c123gh6pm_startup_ccs.obj (.text)
                  0000133a    0000000a     driverlib.lib : uart.obj (.text:UARTCharGet)
                  00001344    0000000a                   : uart.obj (.text:UARTCharPut)
                  0000134e    00000006                   : gpio.obj (.text:GPIOPinRead)
                  00001354    00000006                   : gpio.obj (.text:GPIOPinWrite)
                  0000135a    00000006                   : sysctl.obj (.text:SysCtlDelay)
                  00001360    00000006                   : uart.obj (.text:UARTClockSourceSet)
                  00001366    00000004     rtsv7M4_T_le_v4SPD16_eabi.lib : pre_init.c.obj (.text:_system_pre_init)
                  0000136a    00000004                                   : exit.c.obj (.text:abort:abort)

.const     0    00001370    00000204     
                  00001370    00000090     driverlib.lib : gpio.obj (.const:g_pui32GPIOBaseAddrs)
                  00001400    0000006c                   : sysctl.obj (.const:g_pui32Xtals)
                  0000146c    00000052     ledGreenStateMachine.obj (.const:.string)
                  000014be    00000002     --HOLE-- [fill = 0]
                  000014c0    00000038     ledRedStateMachine.obj (.const:.string)
                  000014f8    0000001b     ledGreenStateMachine.obj (.const:.string:$P$T0$1)
                  00001513    00000019     ledRedStateMachine.obj (.const:.string:$P$T0$1)
                  0000152c    00000012     uartstdio.obj (.const:.string)
                  0000153e    0000000c     main.obj (.const:.string:$P$T0$1)
                  0000154a    00000002     --HOLE-- [fill = 0]
                  0000154c    0000000c     uartstdio.obj (.const:g_ui32UARTBase)
                  00001558    0000000c     uartstdio.obj (.const:g_ui32UARTPeriph)
                  00001564    0000000c     led.obj (.const:ledPin)
                  00001570    00000004     uartstdio.obj (.const)

.cinit     0    00001578    00000040     
                  00001578    0000002d     (.cinit..data.load) [load image, compression = lzss]
                  000015a5    00000003     --HOLE-- [fill = 0]
                  000015a8    00000008     (__TI_handler_table)
                  000015b0    00000008     (__TI_cinit_table)

.init_array 
*          0    00000000    00000000     UNINITIALIZED

.data      0    20000200    00000035     UNINITIALIZED
                  20000200    00000018     ledGreenStateMachine.obj (.data:stateName)
                  20000218    00000010     ledRedStateMachine.obj (.data:stateName)
                  20000228    00000005     ledGreenStateMachine.obj (.data)
                  2000022d    00000001     ledRedStateMachine.obj (.data)
                  2000022e    00000002     --HOLE--
                  20000230    00000005     uartstdio.obj (.data)

.stack     0    20000000    00000200     UNINITIALIZED
                  20000000    00000004     rtsv7M4_T_le_v4SPD16_eabi.lib : boot_cortex_m.c.obj (.stack)
                  20000004    000001fc     --HOLE--

MODULE SUMMARY

       Module                         code   ro data   rw data
       ------                         ----   -------   -------
    ./
       uartstdio.obj                  1180   46        5      
       ledGreenStateMachine.obj       516    109       29     
       tm4c123gh6pm_startup_ccs.obj   12     620       0      
       ledRedStateMachine.obj         296    81        17     
       main.obj                       284    12        0      
       switches.obj                   156    0         0      
       led.obj                        96     12        0      
    +--+------------------------------+------+---------+---------+
       Total:                         2540   880       51     
                                                              
    /home/antiaegis/ti/SW-TM4C-2.1.4.178/driverlib/ccs/Debug/driverlib.lib
       sysctl.obj                     630    108       0      
       gpio.obj                       474    144       0      
       uart.obj                       148    0         0      
       systick.obj                    56     0         0      
       interrupt.obj                  16     0         0      
       cpu.obj                        12     0         0      
    +--+------------------------------+------+---------+---------+
       Total:                         1336   252       0      
                                                              
    /home/antiaegis/ti/ccsv8/tools/compiler/ti-cgt-arm_18.1.1.LTS/lib/rtsv7M4_T_le_v4SPD16_eabi.lib
       memcpy_t2.asm.obj              156    0         0      
       copy_decompress_lzss.c.obj     104    0         0      
       autoinit.c.obj                 68     0         0      
       u_divt2.asm.obj                64     0         0      
       boot_cortex_m.c.obj            56     0         0      
       copy_decompress_none.c.obj     14     0         0      
       exit.c.obj                     4      0         0      
       pre_init.c.obj                 4      0         0      
       div0.asm.obj                   2      0         0      
    +--+------------------------------+------+---------+---------+
       Total:                         472    0         0      
                                                              
       Stack:                         0      0         512    
       Linker Generated:              0      61        0      
    +--+------------------------------+------+---------+---------+
       Grand Total:                   4348   1193      563    


LINKER GENERATED COPY TABLES

__TI_cinit_table @ 000015b0 records: 1, size/record: 8, table size: 8
	.data: load addr=00001578, load size=0000002d bytes, run addr=20000200, run size=00000035 bytes, compression=lzss


LINKER GENERATED HANDLER TABLE

__TI_handler_table @ 000015a8 records: 2, size/record: 4, table size: 8
	index: 0, handler: __TI_decompress_lzss
	index: 1, handler: __TI_decompress_none


GLOBAL SYMBOLS: SORTED ALPHABETICALLY BY Name 

address   name                          
-------   ----                          
0000136b  C$$EXIT                       
00001323  CPUcpsie                      
00001241  GPIODirModeSet                
0000090d  GPIOPadConfigSet              
00001089  GPIOPinConfigure              
0000134f  GPIOPinRead                   
0000128d  GPIOPinTypeGPIOOutput         
000012e1  GPIOPinTypeUART               
00001355  GPIOPinWrite                  
00000b69  InitConsole                   
000012f3  IntMasterEnable               
0000132f  ResetISR                      
00000c85  SysCtlClockGet                
00000d95  SysCtlClockSet                
0000135b  SysCtlDelay                   
0000120d  SysCtlPeripheralEnable        
0000119d  SysCtlPeripheralPresent       
000012a5  SysTickEnable                 
000012b9  SysTickIntEnable              
00000bef  SysTickIntHandler             
00001305  SysTickPeriodSet              
0000133b  UARTCharGet                   
00001345  UARTCharPut                   
00001361  UARTClockSourceSet            
000010d1  UARTConfigSetExpClk           
0000126d  UARTDisable                   
000012cd  UARTEnable                    
0000026d  UARTStdioConfig               
000003b3  UARTgetc                      
000002f9  UARTgets                      
000006d3  UARTprintf                    
000003d9  UARTvprintf                   
000002b3  UARTwrite                     
20000200  __STACK_END                   
00000200  __STACK_SIZE                  
20000200  __STACK_TOP                   
000015b0  __TI_CINIT_Base               
000015b8  __TI_CINIT_Limit              
000015a8  __TI_Handler_Table_Base       
000015b0  __TI_Handler_Table_Limit      
00001119  __TI_auto_init_nobinit_nopinit
00000fc1  __TI_decompress_lzss          
00001315  __TI_decompress_none          
ffffffff  __TI_pprof_out_hndl           
ffffffff  __TI_prof_data_size           
ffffffff  __TI_prof_data_start          
00000000  __TI_static_base__            
00000a3f  __aeabi_idiv0                 
00000a3f  __aeabi_ldiv0                 
00000e89  __aeabi_memcpy                
00000e89  __aeabi_memcpy4               
00000e89  __aeabi_memcpy8               
0000115d  __aeabi_uidiv                 
0000115d  __aeabi_uidivmod              
ffffffff  __binit__                     
ffffffff  __c_args__                    
UNDEFED   __mpu_init                    
20000000  __stack                       
000011d5  _c_int00_noargs               
UNDEFED   _system_post_cinit            
00001367  _system_pre_init              
0000136b  abort                         
ffffffff  binit                         
00000000  g_pfnVectors                  
0000103b  ledControl                    
20000228  ledGTimer                     
00000709  ledGreenStateMachineUpdate    
00001029  ledInit                       
00001564  ledPin                        
00000a41  ledRedStateMachineUpdate      
00000bff  main                          
00000e89  memcpy                        
00000ba5  setupSystem                   
00000f25  switchInit                    
00000f6d  switchState                   


GLOBAL SYMBOLS: SORTED BY Symbol Address 

address   name                          
-------   ----                          
00000000  __TI_static_base__            
00000000  g_pfnVectors                  
00000200  __STACK_SIZE                  
0000026d  UARTStdioConfig               
000002b3  UARTwrite                     
000002f9  UARTgets                      
000003b3  UARTgetc                      
000003d9  UARTvprintf                   
000006d3  UARTprintf                    
00000709  ledGreenStateMachineUpdate    
0000090d  GPIOPadConfigSet              
00000a3f  __aeabi_idiv0                 
00000a3f  __aeabi_ldiv0                 
00000a41  ledRedStateMachineUpdate      
00000b69  InitConsole                   
00000ba5  setupSystem                   
00000bef  SysTickIntHandler             
00000bff  main                          
00000c85  SysCtlClockGet                
00000d95  SysCtlClockSet                
00000e89  __aeabi_memcpy                
00000e89  __aeabi_memcpy4               
00000e89  __aeabi_memcpy8               
00000e89  memcpy                        
00000f25  switchInit                    
00000f6d  switchState                   
00000fc1  __TI_decompress_lzss          
00001029  ledInit                       
0000103b  ledControl                    
00001089  GPIOPinConfigure              
000010d1  UARTConfigSetExpClk           
00001119  __TI_auto_init_nobinit_nopinit
0000115d  __aeabi_uidiv                 
0000115d  __aeabi_uidivmod              
0000119d  SysCtlPeripheralPresent       
000011d5  _c_int00_noargs               
0000120d  SysCtlPeripheralEnable        
00001241  GPIODirModeSet                
0000126d  UARTDisable                   
0000128d  GPIOPinTypeGPIOOutput         
000012a5  SysTickEnable                 
000012b9  SysTickIntEnable              
000012cd  UARTEnable                    
000012e1  GPIOPinTypeUART               
000012f3  IntMasterEnable               
00001305  SysTickPeriodSet              
00001315  __TI_decompress_none          
00001323  CPUcpsie                      
0000132f  ResetISR                      
0000133b  UARTCharGet                   
00001345  UARTCharPut                   
0000134f  GPIOPinRead                   
00001355  GPIOPinWrite                  
0000135b  SysCtlDelay                   
00001361  UARTClockSourceSet            
00001367  _system_pre_init              
0000136b  C$$EXIT                       
0000136b  abort                         
00001564  ledPin                        
000015a8  __TI_Handler_Table_Base       
000015b0  __TI_CINIT_Base               
000015b0  __TI_Handler_Table_Limit      
000015b8  __TI_CINIT_Limit              
20000000  __stack                       
20000200  __STACK_END                   
20000200  __STACK_TOP                   
20000228  ledGTimer                     
ffffffff  __TI_pprof_out_hndl           
ffffffff  __TI_prof_data_size           
ffffffff  __TI_prof_data_start          
ffffffff  __binit__                     
ffffffff  __c_args__                    
ffffffff  binit                         
UNDEFED   __mpu_init                    
UNDEFED   _system_post_cinit            

[75 symbols]
