******************************************************************************
                  TI ARM Linker PC v17.9.0                     
******************************************************************************
>> Linked Sat Mar 17 10:30:38 2018

OUTPUT FILE NAME:   <example8_multiStateMachine.out>
ENTRY POINT SYMBOL: "_c_int00_noargs"  address: 000011d9


MEMORY CONFIGURATION

         name            origin    length      used     unused   attr    fill
----------------------  --------  ---------  --------  --------  ----  --------
  FLASH                 00000000   00040000  000015b2  0003ea4e  R  X
  SRAM                  20000000   00008000  00000235  00007dcb  RW X


SEGMENT ALLOCATION MAP

run origin  load origin   length   init length attrs members
----------  ----------- ---------- ----------- ----- -------
00000000    00000000    000015b8   000015b8    r-x
  00000000    00000000    0000026c   0000026c    r-- .intvecs
  0000026c    0000026c    00001106   00001106    r-x .text
  00001374    00001374    00000200   00000200    r-- .const
  00001578    00001578    00000040   00000040    r-- .cinit
20000000    20000000    00000235   00000000    rw-
  20000000    20000000    00000200   00000000    rw- .stack
  20000200    20000200    00000035   00000000    rw- .data


SECTION ALLOCATION MAP

 output                                  attributes/
section   page    origin      length       input sections
--------  ----  ----------  ----------   ----------------
.intvecs   0    00000000    0000026c     
                  00000000    0000026c     tm4c123gh6pm_startup_ccs.obj (.intvecs)

.text      0    0000026c    00001106     
                  0000026c    0000049c     uartstdio.obj (.text)
                  00000708    00000204     ledGreenStateMachine.obj (.text)
                  0000090c    00000132     driverlib.lib : gpio.obj (.text:GPIOPadConfigSet)
                  00000a3e    00000002     rtsv7M4_T_le_v4SPD16_eabi.lib : i_div0.obj (.text)
                  00000a40    00000130     ledRedStateMachine.obj (.text)
                  00000b70    00000118     main.obj (.text)
                  00000c88    00000110     driverlib.lib : sysctl.obj (.text:SysCtlClockGet)
                  00000d98    000000f4                   : sysctl.obj (.text:SysCtlClockSet)
                  00000e8c    0000009c     rtsv7M4_T_le_v4SPD16_eabi.lib : memcpy_t2.obj (.text)
                  00000f28    0000009c     switches.obj (.text)
                  00000fc4    00000068     rtsv7M4_T_le_v4SPD16_eabi.lib : copy_decompress_lzss.obj (.text:decompress:lzss)
                  0000102c    00000060     led.obj (.text)
                  0000108c    00000048     driverlib.lib : gpio.obj (.text:GPIOPinConfigure)
                  000010d4    00000046                   : uart.obj (.text:UARTConfigSetExpClk)
                  0000111a    00000002     --HOLE-- [fill = 0]
                  0000111c    00000044     rtsv7M4_T_le_v4SPD16_eabi.lib : autoinit.obj (.text:__TI_auto_init_nobinit_nopinit)
                  00001160    00000040                                   : u_divt2.obj (.text)
                  000011a0    00000038     driverlib.lib : sysctl.obj (.text:SysCtlPeripheralPresent)
                  000011d8    00000038     rtsv7M4_T_le_v4SPD16_eabi.lib : boot_cortex_m.obj (.text:_c_int00_noargs)
                  00001210    00000034     driverlib.lib : sysctl.obj (.text:SysCtlPeripheralEnable)
                  00001244    0000002a                   : gpio.obj (.text:GPIODirModeSet)
                  0000126e    00000002     --HOLE-- [fill = 0]
                  00001270    00000020                   : uart.obj (.text:UARTDisable)
                  00001290    00000018                   : gpio.obj (.text:GPIOPinTypeGPIOOutput)
                  000012a8    00000014                   : systick.obj (.text:SysTickEnable)
                  000012bc    00000014                   : systick.obj (.text:SysTickIntEnable)
                  000012d0    00000014                   : uart.obj (.text:UARTEnable)
                  000012e4    00000012                   : gpio.obj (.text:GPIOPinTypeUART)
                  000012f6    00000010                   : interrupt.obj (.text:IntMasterEnable)
                  00001306    00000002     --HOLE-- [fill = 0]
                  00001308    00000010                   : systick.obj (.text:SysTickPeriodSet)
                  00001318    0000000e     rtsv7M4_T_le_v4SPD16_eabi.lib : copy_decompress_none.obj (.text:decompress:none)
                  00001326    0000000c     driverlib.lib : cpu.obj (.text:CPUcpsie)
                  00001332    0000000c     tm4c123gh6pm_startup_ccs.obj (.text)
                  0000133e    0000000a     driverlib.lib : uart.obj (.text:UARTCharGet)
                  00001348    0000000a                   : uart.obj (.text:UARTCharPut)
                  00001352    00000006                   : gpio.obj (.text:GPIOPinRead)
                  00001358    00000006                   : gpio.obj (.text:GPIOPinWrite)
                  0000135e    00000006                   : sysctl.obj (.text:SysCtlDelay)
                  00001364    00000006                   : uart.obj (.text:UARTClockSourceSet)
                  0000136a    00000004     rtsv7M4_T_le_v4SPD16_eabi.lib : exit.obj (.text:abort)
                  0000136e    00000004                                   : pre_init.obj (.text)

.const     0    00001374    00000200     
                  00001374    00000090     driverlib.lib : gpio.obj (.const:g_pui32GPIOBaseAddrs)
                  00001404    0000006c                   : sysctl.obj (.const:g_pui32Xtals)
                  00001470    00000052     ledGreenStateMachine.obj (.const:.string)
                  000014c2    00000002     --HOLE-- [fill = 0]
                  000014c4    00000038     ledRedStateMachine.obj (.const:.string)
                  000014fc    0000001b     ledGreenStateMachine.obj (.const:.string:$P$T0$1)
                  00001517    00000019     ledRedStateMachine.obj (.const:.string:$P$T0$1)
                  00001530    00000012     uartstdio.obj (.const:.string)
                  00001542    00000002     --HOLE-- [fill = 0]
                  00001544    0000000c     uartstdio.obj (.const:g_ui32UARTBase)
                  00001550    0000000c     uartstdio.obj (.const:g_ui32UARTPeriph)
                  0000155c    0000000c     led.obj (.const:ledPin)
                  00001568    00000005     main.obj (.const:.string:$P$T0$1)
                  0000156d    00000003     --HOLE-- [fill = 0]
                  00001570    00000004     uartstdio.obj (.const)

.cinit     0    00001578    00000040     
                  00001578    0000002d     (.cinit..data.load) [load image, compression = lzss]
                  000015a5    00000003     --HOLE-- [fill = 0]
                  000015a8    00000008     (__TI_handler_table)
                  000015b0    00000008     (__TI_cinit_table)

.init_array 
*          0    00000000    00000000     UNINITIALIZED

.data      0    20000200    00000035     UNINITIALIZED
                  20000200    00000018     ledGreenStateMachine.obj (.data:stateName)
                  20000218    00000010     ledRedStateMachine.obj (.data:stateName)
                  20000228    00000005     ledGreenStateMachine.obj (.data)
                  2000022d    00000001     ledRedStateMachine.obj (.data)
                  2000022e    00000002     --HOLE--
                  20000230    00000005     uartstdio.obj (.data)

.stack     0    20000000    00000200     UNINITIALIZED
                  20000000    00000004     rtsv7M4_T_le_v4SPD16_eabi.lib : boot_cortex_m.obj (.stack)
                  20000004    000001fc     --HOLE--

MODULE SUMMARY

       Module                         code   ro data   rw data
       ------                         ----   -------   -------
    .\
       uartstdio.obj                  1180   46        5      
       ledGreenStateMachine.obj       516    109       29     
       tm4c123gh6pm_startup_ccs.obj   12     620       0      
       ledRedStateMachine.obj         304    81        17     
       main.obj                       280    5         0      
       switches.obj                   156    0         0      
       led.obj                        96     12        0      
    +--+------------------------------+------+---------+---------+
       Total:                         2544   873       51     
                                                              
    C:/ti/TivaWare_C_Series-2.1.4.178/driverlib/ccs/Debug/driverlib.lib
       sysctl.obj                     630    108       0      
       gpio.obj                       474    144       0      
       uart.obj                       148    0         0      
       systick.obj                    56     0         0      
       interrupt.obj                  16     0         0      
       cpu.obj                        12     0         0      
    +--+------------------------------+------+---------+---------+
       Total:                         1336   252       0      
                                                              
    C:\ti\ccsv7\tools\compiler\ti-cgt-arm_17.9.0.STS\lib\rtsv7M4_T_le_v4SPD16_eabi.lib
       memcpy_t2.obj                  156    0         0      
       copy_decompress_lzss.obj       104    0         0      
       autoinit.obj                   68     0         0      
       u_divt2.obj                    64     0         0      
       boot_cortex_m.obj              56     0         0      
       copy_decompress_none.obj       14     0         0      
       exit.obj                       4      0         0      
       pre_init.obj                   4      0         0      
       i_div0.obj                     2      0         0      
    +--+------------------------------+------+---------+---------+
       Total:                         472    0         0      
                                                              
       Stack:                         0      0         512    
       Linker Generated:              0      61        0      
    +--+------------------------------+------+---------+---------+
       Grand Total:                   4352   1186      563    


LINKER GENERATED COPY TABLES

__TI_cinit_table @ 000015b0 records: 1, size/record: 8, table size: 8
	.data: load addr=00001578, load size=0000002d bytes, run addr=20000200, run size=00000035 bytes, compression=lzss


LINKER GENERATED HANDLER TABLE

__TI_handler_table @ 000015a8 records: 2, size/record: 4, table size: 8
	index: 0, handler: __TI_decompress_lzss
	index: 1, handler: __TI_decompress_none


GLOBAL SYMBOLS: SORTED ALPHABETICALLY BY Name 

address   name                          
-------   ----                          
0000136b  C$$EXIT                       
00001327  CPUcpsie                      
00001245  GPIODirModeSet                
0000090d  GPIOPadConfigSet              
0000108d  GPIOPinConfigure              
00001353  GPIOPinRead                   
00001291  GPIOPinTypeGPIOOutput         
000012e5  GPIOPinTypeUART               
00001359  GPIOPinWrite                  
00000b71  InitConsole                   
000012f7  IntMasterEnable               
00001333  ResetISR                      
00000c89  SysCtlClockGet                
00000d99  SysCtlClockSet                
0000135f  SysCtlDelay                   
00001211  SysCtlPeripheralEnable        
000011a1  SysCtlPeripheralPresent       
000012a9  SysTickEnable                 
000012bd  SysTickIntEnable              
00000bad  SysTickIntHandler             
00001309  SysTickPeriodSet              
0000133f  UARTCharGet                   
00001349  UARTCharPut                   
00001365  UARTClockSourceSet            
000010d5  UARTConfigSetExpClk           
00001271  UARTDisable                   
000012d1  UARTEnable                    
0000026d  UARTStdioConfig               
000003b3  UARTgetc                      
000002f9  UARTgets                      
000006d3  UARTprintf                    
000003d9  UARTvprintf                   
000002b3  UARTwrite                     
20000200  __STACK_END                   
00000200  __STACK_SIZE                  
20000200  __STACK_TOP                   
000015b0  __TI_CINIT_Base               
000015b8  __TI_CINIT_Limit              
000015a8  __TI_Handler_Table_Base       
000015b0  __TI_Handler_Table_Limit      
0000111d  __TI_auto_init_nobinit_nopinit
00000fc5  __TI_decompress_lzss          
00001319  __TI_decompress_none          
ffffffff  __TI_pprof_out_hndl           
ffffffff  __TI_prof_data_size           
ffffffff  __TI_prof_data_start          
00000000  __TI_static_base__            
00000a3f  __aeabi_idiv0                 
00000e8d  __aeabi_memcpy                
00000e8d  __aeabi_memcpy4               
00000e8d  __aeabi_memcpy8               
00001161  __aeabi_uidiv                 
00001161  __aeabi_uidivmod              
ffffffff  __binit__                     
ffffffff  __c_args__                    
UNDEFED   __mpu_init                    
20000000  __stack                       
000011d9  _c_int00_noargs               
UNDEFED   _system_post_cinit            
0000136f  _system_pre_init              
0000136b  abort                         
ffffffff  binit                         
00000000  g_pfnVectors                  
0000103f  ledControl                    
20000228  ledGTimer                     
00000709  ledGreenStateMachineUpdate    
0000102d  ledInit                       
0000155c  ledPin                        
00000a41  ledRedStateMachineUpdate      
00000bbd  main                          
00000e8d  memcpy                        
00000f29  switchInit                    
00000f71  switchState                   


GLOBAL SYMBOLS: SORTED BY Symbol Address 

address   name                          
-------   ----                          
00000000  __TI_static_base__            
00000000  g_pfnVectors                  
00000200  __STACK_SIZE                  
0000026d  UARTStdioConfig               
000002b3  UARTwrite                     
000002f9  UARTgets                      
000003b3  UARTgetc                      
000003d9  UARTvprintf                   
000006d3  UARTprintf                    
00000709  ledGreenStateMachineUpdate    
0000090d  GPIOPadConfigSet              
00000a3f  __aeabi_idiv0                 
00000a41  ledRedStateMachineUpdate      
00000b71  InitConsole                   
00000bad  SysTickIntHandler             
00000bbd  main                          
00000c89  SysCtlClockGet                
00000d99  SysCtlClockSet                
00000e8d  __aeabi_memcpy                
00000e8d  __aeabi_memcpy4               
00000e8d  __aeabi_memcpy8               
00000e8d  memcpy                        
00000f29  switchInit                    
00000f71  switchState                   
00000fc5  __TI_decompress_lzss          
0000102d  ledInit                       
0000103f  ledControl                    
0000108d  GPIOPinConfigure              
000010d5  UARTConfigSetExpClk           
0000111d  __TI_auto_init_nobinit_nopinit
00001161  __aeabi_uidiv                 
00001161  __aeabi_uidivmod              
000011a1  SysCtlPeripheralPresent       
000011d9  _c_int00_noargs               
00001211  SysCtlPeripheralEnable        
00001245  GPIODirModeSet                
00001271  UARTDisable                   
00001291  GPIOPinTypeGPIOOutput         
000012a9  SysTickEnable                 
000012bd  SysTickIntEnable              
000012d1  UARTEnable                    
000012e5  GPIOPinTypeUART               
000012f7  IntMasterEnable               
00001309  SysTickPeriodSet              
00001319  __TI_decompress_none          
00001327  CPUcpsie                      
00001333  ResetISR                      
0000133f  UARTCharGet                   
00001349  UARTCharPut                   
00001353  GPIOPinRead                   
00001359  GPIOPinWrite                  
0000135f  SysCtlDelay                   
00001365  UARTClockSourceSet            
0000136b  C$$EXIT                       
0000136b  abort                         
0000136f  _system_pre_init              
0000155c  ledPin                        
000015a8  __TI_Handler_Table_Base       
000015b0  __TI_CINIT_Base               
000015b0  __TI_Handler_Table_Limit      
000015b8  __TI_CINIT_Limit              
20000000  __stack                       
20000200  __STACK_END                   
20000200  __STACK_TOP                   
20000228  ledGTimer                     
ffffffff  __TI_pprof_out_hndl           
ffffffff  __TI_prof_data_size           
ffffffff  __TI_prof_data_start          
ffffffff  __binit__                     
ffffffff  __c_args__                    
ffffffff  binit                         
UNDEFED   __mpu_init                    
UNDEFED   _system_post_cinit            

[73 symbols]
