******************************************************************************
                  TI ARM Linker PC v17.9.0                     
******************************************************************************
>> Linked Fri Mar  2 15:43:57 2018

OUTPUT FILE NAME:   <example1.out>
ENTRY POINT SYMBOL: "_c_int00_noargs"  address: 00001ef9


MEMORY CONFIGURATION

         name            origin    length      used     unused   attr    fill
----------------------  --------  ---------  --------  --------  ----  --------
  FLASH                 00000000   00040000  000024aa  0003db56  R  X
  SRAM                  20000000   00008000  0000046c  00007b94  RW X


SEGMENT ALLOCATION MAP

run origin  load origin   length   init length attrs members
----------  ----------- ---------- ----------- ----- -------
00000000    00000000    000024ac   000024ac    r-x
  00000000    00000000    0000026c   0000026c    r-- .intvecs
  0000026c    0000026c    00001d3e   00001d3e    r-x .text
  00001fac    00001fac    000004ec   000004ec    r-- .const
  00002498    00002498    00000014   00000014    r-- .cinit
20000000    20000000    00000470   00000000    rw-
  20000000    20000000    0000026c   00000000    rw- .vtable
  20000270    20000270    00000200   00000000    rw- .stack


SECTION ALLOCATION MAP

 output                                  attributes/
section   page    origin      length       input sections
--------  ----  ----------  ----------   ----------------
.intvecs   0    00000000    0000026c     
                  00000000    0000026c     tm4c123gh6pm_startup_ccs.obj (.intvecs)

.text      0    0000026c    00001d3e     
                  0000026c    00000f88     sysctl.obj (.text)
                  000011f4    00000b94     gpio.obj (.text)
                  00001d88    00000068     driverlib.lib : interrupt.obj (.text:IntDisable)
                  00001df0    00000068                   : interrupt.obj (.text:IntEnable)
                  00001e58    0000005c     main.obj (.text)
                  00001eb4    00000044     rtsv7M4_T_le_v4SPD16_eabi.lib : autoinit.obj (.text:__TI_auto_init_nobinit_nopinit)
                  00001ef8    00000038                                   : boot_cortex_m.obj (.text:_c_int00_noargs)
                  00001f30    00000034     driverlib.lib : interrupt.obj (.text:IntRegister)
                  00001f64    00000014                   : interrupt.obj (.text:IntUnregister)
                  00001f78    00000012     rtsv7M4_T_le_v4SPD16_eabi.lib : copy_zero_init.obj (.text:decompress:ZI:__TI_zero_init_nomemset)
                  00001f8a    0000000c     tm4c123gh6pm_startup_ccs.obj (.text)
                  00001f96    00000006     sysctl.obj (.text:SysCtlDelay)
                  00001f9c    00000004     driverlib.lib : cpu.obj (.text:CPUwfi)
                  00001fa0    00000004     rtsv7M4_T_le_v4SPD16_eabi.lib : exit.obj (.text:abort)
                  00001fa4    00000004                                   : pre_init.obj (.text)
                  00001fa8    00000002     driverlib.lib : interrupt.obj (.text:_IntDefaultHandler)

.const     0    00001fac    000004ec     
                  00001fac    000001b0     sysctl.obj (.const:g_pppui32XTALtoVCO)
                  0000215c    000000d8     gpio.obj (.const:g_ppui32GPIOIntMapSnowflake)
                  00002234    000000c0     gpio.obj (.const:g_ppui32GPIOIntMapBlizzard)
                  000022f4    00000090     gpio.obj (.const:g_pui32GPIOBaseAddrs)
                  00002384    00000070     driverlib.lib : interrupt.obj (.const)
                  000023f4    0000006c     sysctl.obj (.const:g_pui32Xtals)
                  00002460    00000030     sysctl.obj (.const:g_sXTALtoMEMTIM)
                  00002490    00000008     sysctl.obj (.const:g_pui32VCOFrequencies)

.cinit     0    00002498    00000014     
                  00002498    00000008     (.cinit..vtable.load) [load image, compression = zero_init]
                  000024a0    00000004     (__TI_handler_table)
                  000024a4    00000008     (__TI_cinit_table)

.init_array 
*          0    00000000    00000000     UNINITIALIZED

.vtable    0    20000000    0000026c     UNINITIALIZED
                  20000000    0000026c     driverlib.lib : interrupt.obj (.vtable)

.stack     0    20000270    00000200     UNINITIALIZED
                  20000270    00000004     rtsv7M4_T_le_v4SPD16_eabi.lib : boot_cortex_m.obj (.stack)
                  20000274    000001fc     --HOLE--

MODULE SUMMARY

       Module                         code   ro data   rw data
       ------                         ----   -------   -------
    .\
       sysctl.obj                     3982   596       0      
       gpio.obj                       2964   552       0      
       tm4c123gh6pm_startup_ccs.obj   12     620       0      
       main.obj                       92     0         0      
    +--+------------------------------+------+---------+---------+
       Total:                         7050   1768      0      
                                                              
    C:/ti/TivaWare_C_Series-2.1.4.178/driverlib/ccs/Debug/driverlib.lib
       interrupt.obj                  282    112       620    
       cpu.obj                        4      0         0      
    +--+------------------------------+------+---------+---------+
       Total:                         286    112       620    
                                                              
    C:\ti\ccsv7\tools\compiler\ti-cgt-arm_17.9.0.STS\lib\rtsv7M4_T_le_v4SPD16_eabi.lib
       autoinit.obj                   68     0         0      
       boot_cortex_m.obj              56     0         0      
       copy_zero_init.obj             18     0         0      
       exit.obj                       4      0         0      
       pre_init.obj                   4      0         0      
    +--+------------------------------+------+---------+---------+
       Total:                         150    0         0      
                                                              
       Stack:                         0      0         512    
       Linker Generated:              0      20        0      
    +--+------------------------------+------+---------+---------+
       Grand Total:                   7486   1900      1132   


LINKER GENERATED COPY TABLES

__TI_cinit_table @ 000024a4 records: 1, size/record: 8, table size: 8
	.vtable: load addr=00002498, load size=00000008 bytes, run addr=20000000, run size=0000026c bytes, compression=zero_init


LINKER GENERATED HANDLER TABLE

__TI_handler_table @ 000024a0 records: 1, size/record: 4, table size: 4
	index: 0, handler: __TI_zero_init


GLOBAL SYMBOLS: SORTED ALPHABETICALLY BY Name 

address   name                            
-------   ----                            
00001fa1  C$$EXIT                         
00001f9d  CPUwfi                          
00001d61  GPIOADCTriggerDisable           
00001d43  GPIOADCTriggerEnable            
00001d25  GPIODMATriggerDisable           
00001d07  GPIODMATriggerEnable            
000012af  GPIODirModeGet                  
00001253  GPIODirModeSet                  
00001817  GPIOIntClear                    
000017db  GPIOIntDisable                  
000017c1  GPIOIntEnable                   
0000182b  GPIOIntRegister                 
00001863  GPIOIntRegisterPin              
000017f5  GPIOIntStatus                   
0000139f  GPIOIntTypeGet                  
000012fb  GPIOIntTypeSet                  
00001849  GPIOIntUnregister               
00001891  GPIOIntUnregisterPin            
0000166f  GPIOPadConfigGet                
00001435  GPIOPadConfigSet                
00001ca9  GPIOPinConfigure                
000018b5  GPIOPinRead                     
000018ed  GPIOPinTypeADC                  
00001911  GPIOPinTypeCAN                  
00001935  GPIOPinTypeComparator           
00001959  GPIOPinTypeComparatorOutput     
0000197d  GPIOPinTypeDIVSCLK              
000019a1  GPIOPinTypeEPI                  
000019c5  GPIOPinTypeEthernetLED          
000019e9  GPIOPinTypeEthernetMII          
00001a0d  GPIOPinTypeGPIOInput            
00001a31  GPIOPinTypeGPIOOutput           
00001a55  GPIOPinTypeGPIOOutputOD         
00001a79  GPIOPinTypeHibernateRTCCLK      
00001a9d  GPIOPinTypeI2C                  
00001ac1  GPIOPinTypeI2CSCL               
00001ae5  GPIOPinTypeLCD                  
00001b09  GPIOPinTypeOneWire              
00001b2d  GPIOPinTypePWM                  
00001b51  GPIOPinTypeQEI                  
00001b75  GPIOPinTypeSSI                  
00001b99  GPIOPinTypeTimer                
00001bbd  GPIOPinTypeTrace                
00001be1  GPIOPinTypeUART                 
00001c05  GPIOPinTypeUSBAnalog            
00001c29  GPIOPinTypeUSBDigital           
00001c4d  GPIOPinTypeWakeHigh             
00001c73  GPIOPinTypeWakeLow              
00001c99  GPIOPinWakeStatus               
000018cd  GPIOPinWrite                    
00001d89  IntDisable                      
00001df1  IntEnable                       
00001f31  IntRegister                     
00001f65  IntUnregister                   
00001f8b  ResetISR                        
000011b1  SysCtlAltClkConfig              
000008d5  SysCtlClockFreqSet              
00000d9d  SysCtlClockGet                  
00001195  SysCtlClockOutConfig            
00000bcd  SysCtlClockSet                  
000007d9  SysCtlDeepSleep                 
00000f65  SysCtlDeepSleepClockConfigSet   
00000f49  SysCtlDeepSleepClockSet         
000007b9  SysCtlDeepSleepPowerSet         
00001f97  SysCtlDelay                     
00000365  SysCtlFlashSectorSizeGet        
00000339  SysCtlFlashSizeGet              
0000103b  SysCtlGPIOAHBDisable            
0000101f  SysCtlGPIOAHBEnable             
0000074d  SysCtlIntClear                  
00000735  SysCtlIntDisable                
00000721  SysCtlIntEnable                 
000006f9  SysCtlIntRegister               
0000075d  SysCtlIntStatus                 
00000711  SysCtlIntUnregister             
0000079f  SysCtlLDODeepSleepGet           
0000078f  SysCtlLDODeepSleepSet           
00000789  SysCtlLDOSleepGet               
00000779  SysCtlLDOSleepSet               
0000080f  SysCtlMOSCConfigSet             
00001179  SysCtlNMIClear                  
00001169  SysCtlNMIStatus                 
00000825  SysCtlPIOSCCalibrate            
00001009  SysCtlPWMClockGet               
00000fef  SysCtlPWMClockSet               
000006a5  SysCtlPeripheralClockGating     
0000065d  SysCtlPeripheralDeepSleepDisable
0000060d  SysCtlPeripheralDeepSleepEnable 
00000549  SysCtlPeripheralDisable         
0000050d  SysCtlPeripheralEnable          
00000449  SysCtlPeripheralPowerOff        
0000040d  SysCtlPeripheralPowerOn         
0000038d  SysCtlPeripheralPresent         
000003cd  SysCtlPeripheralReady           
00000485  SysCtlPeripheralReset           
000005d1  SysCtlPeripheralSleepDisable    
0000058d  SysCtlPeripheralSleepEnable     
000007c9  SysCtlReset                     
00000885  SysCtlResetBehaviorGet          
00000875  SysCtlResetBehaviorSet          
000007fb  SysCtlResetCauseClear           
000007f5  SysCtlResetCauseGet             
0000032f  SysCtlSRAMSizeGet               
000007d1  SysCtlSleep                     
000007a5  SysCtlSleepPowerSet             
00001063  SysCtlUSBPLLDisable             
00001057  SysCtlUSBPLLEnable              
000010a9  SysCtlVCOGet                    
00001095  SysCtlVoltageEventClear         
00001075  SysCtlVoltageEventConfig        
00001089  SysCtlVoltageEventStatus        
20000470  __STACK_END                     
00000200  __STACK_SIZE                    
20000470  __STACK_TOP                     
000024a4  __TI_CINIT_Base                 
000024ac  __TI_CINIT_Limit                
000024a0  __TI_Handler_Table_Base         
000024a4  __TI_Handler_Table_Limit        
00001eb5  __TI_auto_init_nobinit_nopinit  
ffffffff  __TI_pprof_out_hndl             
ffffffff  __TI_prof_data_size             
ffffffff  __TI_prof_data_start            
00000000  __TI_static_base__              
00001f79  __TI_zero_init_nomemset         
ffffffff  __binit__                       
ffffffff  __c_args__                      
UNDEFED   __mpu_init                      
20000270  __stack                         
00001ef9  _c_int00_noargs                 
UNDEFED   _system_post_cinit              
00001fa5  _system_pre_init                
00001fa1  abort                           
ffffffff  binit                           
20000000  g_pfnRAMVectors                 
00000000  g_pfnVectors                    
00001e59  main                            


GLOBAL SYMBOLS: SORTED BY Symbol Address 

address   name                            
-------   ----                            
00000000  __TI_static_base__              
00000000  g_pfnVectors                    
00000200  __STACK_SIZE                    
0000032f  SysCtlSRAMSizeGet               
00000339  SysCtlFlashSizeGet              
00000365  SysCtlFlashSectorSizeGet        
0000038d  SysCtlPeripheralPresent         
000003cd  SysCtlPeripheralReady           
0000040d  SysCtlPeripheralPowerOn         
00000449  SysCtlPeripheralPowerOff        
00000485  SysCtlPeripheralReset           
0000050d  SysCtlPeripheralEnable          
00000549  SysCtlPeripheralDisable         
0000058d  SysCtlPeripheralSleepEnable     
000005d1  SysCtlPeripheralSleepDisable    
0000060d  SysCtlPeripheralDeepSleepEnable 
0000065d  SysCtlPeripheralDeepSleepDisable
000006a5  SysCtlPeripheralClockGating     
000006f9  SysCtlIntRegister               
00000711  SysCtlIntUnregister             
00000721  SysCtlIntEnable                 
00000735  SysCtlIntDisable                
0000074d  SysCtlIntClear                  
0000075d  SysCtlIntStatus                 
00000779  SysCtlLDOSleepSet               
00000789  SysCtlLDOSleepGet               
0000078f  SysCtlLDODeepSleepSet           
0000079f  SysCtlLDODeepSleepGet           
000007a5  SysCtlSleepPowerSet             
000007b9  SysCtlDeepSleepPowerSet         
000007c9  SysCtlReset                     
000007d1  SysCtlSleep                     
000007d9  SysCtlDeepSleep                 
000007f5  SysCtlResetCauseGet             
000007fb  SysCtlResetCauseClear           
0000080f  SysCtlMOSCConfigSet             
00000825  SysCtlPIOSCCalibrate            
00000875  SysCtlResetBehaviorSet          
00000885  SysCtlResetBehaviorGet          
000008d5  SysCtlClockFreqSet              
00000bcd  SysCtlClockSet                  
00000d9d  SysCtlClockGet                  
00000f49  SysCtlDeepSleepClockSet         
00000f65  SysCtlDeepSleepClockConfigSet   
00000fef  SysCtlPWMClockSet               
00001009  SysCtlPWMClockGet               
0000101f  SysCtlGPIOAHBEnable             
0000103b  SysCtlGPIOAHBDisable            
00001057  SysCtlUSBPLLEnable              
00001063  SysCtlUSBPLLDisable             
00001075  SysCtlVoltageEventConfig        
00001089  SysCtlVoltageEventStatus        
00001095  SysCtlVoltageEventClear         
000010a9  SysCtlVCOGet                    
00001169  SysCtlNMIStatus                 
00001179  SysCtlNMIClear                  
00001195  SysCtlClockOutConfig            
000011b1  SysCtlAltClkConfig              
00001253  GPIODirModeSet                  
000012af  GPIODirModeGet                  
000012fb  GPIOIntTypeSet                  
0000139f  GPIOIntTypeGet                  
00001435  GPIOPadConfigSet                
0000166f  GPIOPadConfigGet                
000017c1  GPIOIntEnable                   
000017db  GPIOIntDisable                  
000017f5  GPIOIntStatus                   
00001817  GPIOIntClear                    
0000182b  GPIOIntRegister                 
00001849  GPIOIntUnregister               
00001863  GPIOIntRegisterPin              
00001891  GPIOIntUnregisterPin            
000018b5  GPIOPinRead                     
000018cd  GPIOPinWrite                    
000018ed  GPIOPinTypeADC                  
00001911  GPIOPinTypeCAN                  
00001935  GPIOPinTypeComparator           
00001959  GPIOPinTypeComparatorOutput     
0000197d  GPIOPinTypeDIVSCLK              
000019a1  GPIOPinTypeEPI                  
000019c5  GPIOPinTypeEthernetLED          
000019e9  GPIOPinTypeEthernetMII          
00001a0d  GPIOPinTypeGPIOInput            
00001a31  GPIOPinTypeGPIOOutput           
00001a55  GPIOPinTypeGPIOOutputOD         
00001a79  GPIOPinTypeHibernateRTCCLK      
00001a9d  GPIOPinTypeI2C                  
00001ac1  GPIOPinTypeI2CSCL               
00001ae5  GPIOPinTypeLCD                  
00001b09  GPIOPinTypeOneWire              
00001b2d  GPIOPinTypePWM                  
00001b51  GPIOPinTypeQEI                  
00001b75  GPIOPinTypeSSI                  
00001b99  GPIOPinTypeTimer                
00001bbd  GPIOPinTypeTrace                
00001be1  GPIOPinTypeUART                 
00001c05  GPIOPinTypeUSBAnalog            
00001c29  GPIOPinTypeUSBDigital           
00001c4d  GPIOPinTypeWakeHigh             
00001c73  GPIOPinTypeWakeLow              
00001c99  GPIOPinWakeStatus               
00001ca9  GPIOPinConfigure                
00001d07  GPIODMATriggerEnable            
00001d25  GPIODMATriggerDisable           
00001d43  GPIOADCTriggerEnable            
00001d61  GPIOADCTriggerDisable           
00001d89  IntDisable                      
00001df1  IntEnable                       
00001e59  main                            
00001eb5  __TI_auto_init_nobinit_nopinit  
00001ef9  _c_int00_noargs                 
00001f31  IntRegister                     
00001f65  IntUnregister                   
00001f79  __TI_zero_init_nomemset         
00001f8b  ResetISR                        
00001f97  SysCtlDelay                     
00001f9d  CPUwfi                          
00001fa1  C$$EXIT                         
00001fa1  abort                           
00001fa5  _system_pre_init                
000024a0  __TI_Handler_Table_Base         
000024a4  __TI_CINIT_Base                 
000024a4  __TI_Handler_Table_Limit        
000024ac  __TI_CINIT_Limit                
20000000  g_pfnRAMVectors                 
20000270  __stack                         
20000470  __STACK_END                     
20000470  __STACK_TOP                     
ffffffff  __TI_pprof_out_hndl             
ffffffff  __TI_prof_data_size             
ffffffff  __TI_prof_data_start            
ffffffff  __binit__                       
ffffffff  __c_args__                      
ffffffff  binit                           
UNDEFED   __mpu_init                      
UNDEFED   _system_post_cinit              

[136 symbols]
